[2026-10-02T09:30:02-04:00] automatic start requested
Market calendar and paper-account gate passed

All static+broker checks passed — session is eligible for Phase 3 cohort.
{
  "options_data_provider": "tradier",
  "options_data_adapter_hash": "567d1f77",
  "commit_sha": "9b2b9b9f2deaf7393d9633ef57f529f5a7933044",
  "working_tree_dirty": false,
  "source_changes": [],
  "ignored_runtime_changes": [
    "logs/automation_2026-10-01.log"
  ],
  "config_hash_sha256_16": "d9b983ac2c7d4383",
  "requirements_lock_hash_sha256_16": "b91299a905e74506",
  "ticker_universe_hash_sha256_16": "92a841bb277eacb6",
  "broker_adapter_hashes_sha256_8": {
    "alpaca_broker": "7023790c",
    "paper_broker": "241f1432",
    "broker_interface": "54ebc37a"
  }
}
[2026-10-02T09:30:08-04:00] launching Phase 3 runner -> /root/trader/logs/session_2026-10-02.log
[2026-10-02T12:30:22-04:00] runner exited rc=0
[2026-10-02T12:35:01-04:00] automatic EOD close-out requested

All broker checks passed — session is eligible for Phase 3 cohort.
{
  "options_data_provider": "tradier",
  "options_data_adapter_hash": "567d1f77",
  "commit_sha": "9b2b9b9f2deaf7393d9633ef57f529f5a7933044",
  "working_tree_dirty": true,
  "source_changes": [
    "evaluation/ledger.options_tradier.guardrails_v3_tradier_options_2026_09_08.paper_scaled_250_cap_10.guardrails_v3_shadow_validation.json",
    "evaluation/shadow_book.jsonl"
  ],
  "ignored_runtime_changes": [
    "logs/automation_2026-10-01.log",
    "logs/broker.log",
    "logs/live_status.json",
    "logs/push_events.jsonl",
    "logs/shadow_book_state.json",
    "logs/trading.jsonl",
    "logs/trading.log"
  ],
  "config_hash_sha256_16": "d9b983ac2c7d4383",
  "requirements_lock_hash_sha256_16": "b91299a905e74506",
  "ticker_universe_hash_sha256_16": "92a841bb277eacb6",
  "broker_adapter_hashes_sha256_8": {
    "alpaca_broker": "7023790c",
    "paper_broker": "241f1432",
    "broker_interface": "54ebc37a"
  }
}

All broker checks passed — session is eligible for Phase 3 cohort.
{
  "options_data_provider": "tradier",
  "options_data_adapter_hash": "567d1f77",
  "commit_sha": "9b2b9b9f2deaf7393d9633ef57f529f5a7933044",
  "working_tree_dirty": true,
  "source_changes": [
    "evaluation/ledger.options_tradier.guardrails_v3_tradier_options_2026_09_08.paper_scaled_250_cap_10.guardrails_v3_shadow_validation.json",
    "evaluation/shadow_book.jsonl"
  ],
  "ignored_runtime_changes": [
    "logs/automation_2026-10-01.log",
    "logs/broker.log",
    "logs/live_status.json",
    "logs/push_events.jsonl",
    "logs/shadow_book_state.json",
    "logs/trading.jsonl",
    "logs/trading.log"
  ],
  "config_hash_sha256_16": "d9b983ac2c7d4383",
  "requirements_lock_hash_sha256_16": "b91299a905e74506",
  "ticker_universe_hash_sha256_16": "92a841bb277eacb6",
  "broker_adapter_hashes_sha256_8": {
    "alpaca_broker": "7023790c",
    "paper_broker": "241f1432",
    "broker_interface": "54ebc37a"
  }
}
[2026-10-02T12:35:06-04:00] broker EOD state clean: 0 positions, 0 open orders
[agent/paper-scaled-sizing-250-10 950a0b1] Record Phase 3 session raw artifacts (2026-10-02)
 17 files changed, 32144 insertions(+), 15 deletions(-)
 create mode 100644 evaluation/reports/2026-10-02.json
 create mode 100644 evaluation/reports/2026-10-02.md
 create mode 100644 logs/automation_2026-10-02.log
 create mode 100644 logs/preflight_2026-10-02.log
 create mode 100644 logs/session_2026-10-02.exitcode
 create mode 100644 logs/session_2026-10-02.json
 create mode 100644 logs/session_2026-10-02.log
 create mode 100644 logs/shadow_report_2026-10-02.txt
To https://github.com/Borgimus/Apps-.git
   9b2b9b9..950a0b1  agent/paper-scaled-sizing-250-10 -> agent/paper-scaled-sizing-250-10
[2026-10-02T12:35:14-04:00] artifacts committed and pushed
[2026-10-02T12:35:14-04:00] automatic EOD close-out complete
