[2026-09-16T09:30:01-04:00] automatic start requested
ABORT: no preflight arming marker
[2026-09-16T12:35:01-04:00] automatic EOD close-out requested

All broker checks passed — session is eligible for Phase 3 cohort.
{
  "options_data_provider": "tradier",
  "options_data_adapter_hash": "567d1f77",
  "commit_sha": "da329df8a1ff86dc97e15ffcb9ca24d3a0e301d3",
  "working_tree_dirty": false,
  "source_changes": [],
  "ignored_runtime_changes": [
    "logs/automation_2026-09-15.log"
  ],
  "config_hash_sha256_16": "d9b983ac2c7d4383",
  "requirements_lock_hash_sha256_16": "b91299a905e74506",
  "ticker_universe_hash_sha256_16": "92a841bb277eacb6",
  "broker_adapter_hashes_sha256_8": {
    "alpaca_broker": "7023790c",
    "paper_broker": "241f1432",
    "broker_interface": "54ebc37a"
  }
}

All broker checks passed — session is eligible for Phase 3 cohort.
{
  "options_data_provider": "tradier",
  "options_data_adapter_hash": "567d1f77",
  "commit_sha": "da329df8a1ff86dc97e15ffcb9ca24d3a0e301d3",
  "working_tree_dirty": false,
  "source_changes": [],
  "ignored_runtime_changes": [
    "logs/automation_2026-09-15.log"
  ],
  "config_hash_sha256_16": "d9b983ac2c7d4383",
  "requirements_lock_hash_sha256_16": "b91299a905e74506",
  "ticker_universe_hash_sha256_16": "92a841bb277eacb6",
  "broker_adapter_hashes_sha256_8": {
    "alpaca_broker": "7023790c",
    "paper_broker": "241f1432",
    "broker_interface": "54ebc37a"
  }
}
[2026-09-16T12:35:08-04:00] broker EOD state clean: 0 positions, 0 open orders
[agent/paper-scaled-sizing-250-10 098a39b] Record Phase 3 session raw artifacts (2026-09-16)
 4 files changed, 124 insertions(+)
 create mode 100644 logs/automation_2026-09-16.log
 create mode 100644 logs/preflight_2026-09-16.log
 create mode 100644 logs/shadow_report_2026-09-16.txt
To https://github.com/Borgimus/Apps-.git
 ! [rejected]        agent/paper-scaled-sizing-250-10 -> agent/paper-scaled-sizing-250-10 (non-fast-forward)
error: failed to push some refs to 'https://github.com/Borgimus/Apps-.git'
hint: Updates were rejected because the tip of your current branch is behind
hint: its remote counterpart. If you want to integrate the remote changes,
hint: use 'git pull' before pushing again.
hint: See the 'Note about fast-forwards' in 'git push --help' for details.
[2026-09-16T12:35:13-04:00] ERROR: artifact push failed
