[2026-09-23T09:30:01-04:00] automatic start requested
Market calendar and paper-account gate passed

All static+broker checks passed — session is eligible for Phase 3 cohort.
{
  "options_data_provider": "tradier",
  "options_data_adapter_hash": "567d1f77",
  "commit_sha": "9e7df34b0f4fd6c22c2d074b6bf2721a0ec32e25",
  "working_tree_dirty": false,
  "source_changes": [],
  "ignored_runtime_changes": [
    "logs/automation_2026-09-22.log"
  ],
  "config_hash_sha256_16": "d9b983ac2c7d4383",
  "requirements_lock_hash_sha256_16": "b91299a905e74506",
  "ticker_universe_hash_sha256_16": "92a841bb277eacb6",
  "broker_adapter_hashes_sha256_8": {
    "alpaca_broker": "7023790c",
    "paper_broker": "241f1432",
    "broker_interface": "54ebc37a"
  }
}
[2026-09-23T09:30:07-04:00] launching Phase 3 runner -> /root/trader/logs/session_2026-09-23.log
[2026-09-23T12:30:04-04:00] runner exited rc=0
[2026-09-23T12:35:01-04:00] automatic EOD close-out requested

All broker checks passed — session is eligible for Phase 3 cohort.
{
  "options_data_provider": "tradier",
  "options_data_adapter_hash": "567d1f77",
  "commit_sha": "9e7df34b0f4fd6c22c2d074b6bf2721a0ec32e25",
  "working_tree_dirty": true,
  "source_changes": [
    "evaluation/ledger.options_tradier.guardrails_v3_tradier_options_2026_09_08.paper_scaled_250_cap_10.guardrails_v3_shadow_validation.json",
    "evaluation/shadow_book.jsonl"
  ],
  "ignored_runtime_changes": [
    "logs/automation_2026-09-22.log",
    "logs/broker.log",
    "logs/live_status.json",
    "logs/push_events.jsonl",
    "logs/shadow_book_state.json",
    "logs/trading.jsonl",
    "logs/trading.log"
  ],
  "config_hash_sha256_16": "d9b983ac2c7d4383",
  "requirements_lock_hash_sha256_16": "b91299a905e74506",
  "ticker_universe_hash_sha256_16": "92a841bb277eacb6",
  "broker_adapter_hashes_sha256_8": {
    "alpaca_broker": "7023790c",
    "paper_broker": "241f1432",
    "broker_interface": "54ebc37a"
  }
}

All broker checks passed — session is eligible for Phase 3 cohort.
{
  "options_data_provider": "tradier",
  "options_data_adapter_hash": "567d1f77",
  "commit_sha": "9e7df34b0f4fd6c22c2d074b6bf2721a0ec32e25",
  "working_tree_dirty": true,
  "source_changes": [
    "evaluation/ledger.options_tradier.guardrails_v3_tradier_options_2026_09_08.paper_scaled_250_cap_10.guardrails_v3_shadow_validation.json",
    "evaluation/shadow_book.jsonl"
  ],
  "ignored_runtime_changes": [
    "logs/automation_2026-09-22.log",
    "logs/broker.log",
    "logs/live_status.json",
    "logs/push_events.jsonl",
    "logs/shadow_book_state.json",
    "logs/trading.jsonl",
    "logs/trading.log"
  ],
  "config_hash_sha256_16": "d9b983ac2c7d4383",
  "requirements_lock_hash_sha256_16": "b91299a905e74506",
  "ticker_universe_hash_sha256_16": "92a841bb277eacb6",
  "broker_adapter_hashes_sha256_8": {
    "alpaca_broker": "7023790c",
    "paper_broker": "241f1432",
    "broker_interface": "54ebc37a"
  }
}
[2026-09-23T12:35:07-04:00] broker EOD state clean: 0 positions, 0 open orders
