[2026-08-05T09:30:01-04:00] automatic start requested
Market calendar and paper-account gate passed

All static+broker checks passed — session is eligible for Phase 3 cohort.
{
  "commit_sha": "ce332a05dede7f2c28488d658b34d6eb9b391425",
  "working_tree_dirty": false,
  "source_changes": [],
  "ignored_runtime_changes": [
    "logs/automation_2026-08-04.log"
  ],
  "config_hash_sha256_16": "67954547a3a617d4",
  "requirements_lock_hash_sha256_16": "b91299a905e74506",
  "ticker_universe_hash_sha256_16": "a0b6951831e6a013",
  "broker_adapter_hashes_sha256_8": {
    "alpaca_broker": "bd9d7d0a",
    "paper_broker": "241f1432",
    "broker_interface": "6a307cc7"
  }
}
[2026-08-05T09:30:03-04:00] launching Phase 3 runner -> /root/trader/logs/session_2026-08-05.log
[2026-08-05T12:30:33-04:00] runner exited rc=0
[2026-08-05T12:35:01-04:00] automatic EOD close-out requested

All broker checks passed — session is eligible for Phase 3 cohort.
{
  "commit_sha": "ce332a05dede7f2c28488d658b34d6eb9b391425",
  "working_tree_dirty": true,
  "source_changes": [
    "evaluation/ledger.paper_scaled_250_cap_10.json",
    "evaluation/shadow_book.jsonl"
  ],
  "ignored_runtime_changes": [
    "logs/automation_2026-08-04.log",
    "logs/broker.log",
    "logs/live_status.json",
    "logs/push_events.jsonl",
    "logs/shadow_book_state.json",
    "logs/trading.jsonl",
    "logs/trading.log"
  ],
  "config_hash_sha256_16": "67954547a3a617d4",
  "requirements_lock_hash_sha256_16": "b91299a905e74506",
  "ticker_universe_hash_sha256_16": "a0b6951831e6a013",
  "broker_adapter_hashes_sha256_8": {
    "alpaca_broker": "bd9d7d0a",
    "paper_broker": "241f1432",
    "broker_interface": "6a307cc7"
  }
}

All broker checks passed — session is eligible for Phase 3 cohort.
{
  "commit_sha": "ce332a05dede7f2c28488d658b34d6eb9b391425",
  "working_tree_dirty": true,
  "source_changes": [
    "evaluation/ledger.paper_scaled_250_cap_10.json",
    "evaluation/shadow_book.jsonl"
  ],
  "ignored_runtime_changes": [
    "logs/automation_2026-08-04.log",
    "logs/broker.log",
    "logs/live_status.json",
    "logs/push_events.jsonl",
    "logs/shadow_book_state.json",
    "logs/trading.jsonl",
    "logs/trading.log"
  ],
  "config_hash_sha256_16": "67954547a3a617d4",
  "requirements_lock_hash_sha256_16": "b91299a905e74506",
  "ticker_universe_hash_sha256_16": "a0b6951831e6a013",
  "broker_adapter_hashes_sha256_8": {
    "alpaca_broker": "bd9d7d0a",
    "paper_broker": "241f1432",
    "broker_interface": "6a307cc7"
  }
}
[2026-08-05T12:35:03-04:00] broker EOD state clean: 0 positions, 0 open orders
[agent/paper-scaled-sizing-250-10 e31c676] Record Phase 3 session raw artifacts (2026-08-05)
 17 files changed, 47019 insertions(+), 68 deletions(-)
 create mode 100644 evaluation/reports/2026-08-05.json
 create mode 100644 evaluation/reports/2026-08-05.md
 create mode 100644 logs/automation_2026-08-05.log
 create mode 100644 logs/preflight_2026-08-05.log
 create mode 100644 logs/session_2026-08-05.exitcode
 create mode 100644 logs/session_2026-08-05.json
 create mode 100644 logs/session_2026-08-05.log
 create mode 100644 logs/shadow_report_2026-08-05.txt
To https://github.com/Borgimus/Apps-.git
   ce332a0..e31c676  agent/paper-scaled-sizing-250-10 -> agent/paper-scaled-sizing-250-10
[2026-08-05T12:35:07-04:00] artifacts committed and pushed
[2026-08-05T12:35:07-04:00] automatic EOD close-out complete
