[2026-08-28T09:30:01-04:00] automatic start requested
ABORT: no preflight arming marker
[2026-08-28T12:35:01-04:00] automatic EOD close-out requested

All broker checks passed — session is eligible for Phase 3 cohort.
{
  "commit_sha": "0c478abdac006ba88e11eac3b825f28d24d050b7",
  "working_tree_dirty": false,
  "source_changes": [],
  "ignored_runtime_changes": [
    "logs/automation_2026-08-27.log",
    "logs/preflight_2026-08-27.log"
  ],
  "config_hash_sha256_16": "d9b983ac2c7d4383",
  "requirements_lock_hash_sha256_16": "b91299a905e74506",
  "ticker_universe_hash_sha256_16": "112d178b8a6d7dbf",
  "broker_adapter_hashes_sha256_8": {
    "alpaca_broker": "ea5f90ca",
    "paper_broker": "241f1432",
    "broker_interface": "6a307cc7"
  }
}

All broker checks passed — session is eligible for Phase 3 cohort.
{
  "commit_sha": "0c478abdac006ba88e11eac3b825f28d24d050b7",
  "working_tree_dirty": false,
  "source_changes": [],
  "ignored_runtime_changes": [
    "logs/automation_2026-08-27.log",
    "logs/preflight_2026-08-27.log"
  ],
  "config_hash_sha256_16": "d9b983ac2c7d4383",
  "requirements_lock_hash_sha256_16": "b91299a905e74506",
  "ticker_universe_hash_sha256_16": "112d178b8a6d7dbf",
  "broker_adapter_hashes_sha256_8": {
    "alpaca_broker": "ea5f90ca",
    "paper_broker": "241f1432",
    "broker_interface": "6a307cc7"
  }
}
[2026-08-28T12:35:04-04:00] broker EOD state clean: 0 positions, 0 open orders
[agent/paper-scaled-sizing-250-10 f9daaf5] Record Phase 3 session raw artifacts (2026-08-28)
 5 files changed, 138 insertions(+)
 create mode 100644 logs/automation_2026-08-28.log
 create mode 100644 logs/preflight_2026-08-28.log
 create mode 100644 logs/shadow_report_2026-08-28.txt
To https://github.com/Borgimus/Apps-.git
 ! [rejected]        agent/paper-scaled-sizing-250-10 -> agent/paper-scaled-sizing-250-10 (non-fast-forward)
error: failed to push some refs to 'https://github.com/Borgimus/Apps-.git'
hint: Updates were rejected because the tip of your current branch is behind
hint: its remote counterpart. If you want to integrate the remote changes,
hint: use 'git pull' before pushing again.
hint: See the 'Note about fast-forwards' in 'git push --help' for details.
[2026-08-28T12:35:05-04:00] ERROR: artifact push failed
