[2026-07-29T09:30:01-04:00] automatic start requested
ABORT: no preflight arming marker
[2026-07-29T09:38:24-04:00] automatic start requested
Market calendar and paper-account gate passed

All static+broker checks passed — session is eligible for Phase 3 cohort.
{
  "commit_sha": "63f9c9a16570809c77e14f83d2755293d4838e45",
  "working_tree_dirty": false,
  "source_changes": [],
  "ignored_runtime_changes": [
    "logs/dashboard.log"
  ],
  "config_hash_sha256_16": "67954547a3a617d4",
  "requirements_lock_hash_sha256_16": "b91299a905e74506",
  "ticker_universe_hash_sha256_16": "a0b6951831e6a013",
  "broker_adapter_hashes_sha256_8": {
    "alpaca_broker": "bd9d7d0a",
    "paper_broker": "241f1432",
    "broker_interface": "6a307cc7"
  }
}
[2026-07-29T09:38:26-04:00] launching Phase 3 runner -> /root/trader/logs/session_2026-07-29.log
[2026-07-29T10:10:59-04:00] runner exited rc=0
[2026-07-29T12:35:01-04:00] automatic EOD close-out requested

All broker checks passed — session is eligible for Phase 3 cohort.
{
  "commit_sha": "4bd13e69299974a02bbc83bcef7612d4f6905c57",
  "working_tree_dirty": false,
  "source_changes": [],
  "ignored_runtime_changes": [],
  "config_hash_sha256_16": "67954547a3a617d4",
  "requirements_lock_hash_sha256_16": "b91299a905e74506",
  "ticker_universe_hash_sha256_16": "a0b6951831e6a013",
  "broker_adapter_hashes_sha256_8": {
    "alpaca_broker": "bd9d7d0a",
    "paper_broker": "241f1432",
    "broker_interface": "6a307cc7"
  }
}

All broker checks passed — session is eligible for Phase 3 cohort.
{
  "commit_sha": "4bd13e69299974a02bbc83bcef7612d4f6905c57",
  "working_tree_dirty": false,
  "source_changes": [],
  "ignored_runtime_changes": [],
  "config_hash_sha256_16": "67954547a3a617d4",
  "requirements_lock_hash_sha256_16": "b91299a905e74506",
  "ticker_universe_hash_sha256_16": "a0b6951831e6a013",
  "broker_adapter_hashes_sha256_8": {
    "alpaca_broker": "bd9d7d0a",
    "paper_broker": "241f1432",
    "broker_interface": "6a307cc7"
  }
}
[2026-07-29T12:35:04-04:00] broker EOD state clean: 0 positions, 0 open orders
