2026-07-22T09:31:09 | INFO     | app.brokers.factory | Creating broker adapter | broker=alpaca | live=False
2026-07-22T09:31:09 | INFO     | app.brokers.alpaca_broker | AlpacaBroker initialised | paper=True | trade_url=https://paper-api.alpaca.markets | data_url=https://data.alpaca.markets
2026-07-22T10:26:21 | INFO     | app.brokers.factory | Creating broker adapter | broker=alpaca | live=False
2026-07-22T10:26:21 | INFO     | app.brokers.alpaca_broker | AlpacaBroker initialised | paper=True | trade_url=https://paper-api.alpaca.markets | data_url=https://data.alpaca.markets
2026-07-22T10:26:24 | INFO     | app.brokers.alpaca_broker | Placing option order | payload={'symbol': 'XLE260724C00060000', 'qty': '1', 'side': 'buy', 'type': 'limit', 'time_in_force': 'day', 'limit_price': '0.36', 'order_class': 'simple'}
2026-07-22T10:26:25 | INFO     | app.brokers.alpaca_broker | Placing option order | payload={'symbol': 'SPY260722C00750000', 'qty': '1', 'side': 'buy', 'type': 'limit', 'time_in_force': 'day', 'limit_price': '0.47', 'order_class': 'simple'}
2026-07-22T10:30:57 | INFO     | app.brokers.alpaca_broker | Placing option order | payload={'symbol': 'XLE260724C00060000', 'qty': '1', 'side': 'sell', 'type': 'limit', 'time_in_force': 'day', 'limit_price': '0.25', 'order_class': 'simple'}
2026-07-22T10:34:11 | INFO     | app.brokers.alpaca_broker | Placing option order | payload={'symbol': 'SPY260722C00750000', 'qty': '1', 'side': 'sell', 'type': 'limit', 'time_in_force': 'day', 'limit_price': '0.37', 'order_class': 'simple'}
2026-07-22T10:49:54 | INFO     | app.brokers.alpaca_broker | Placing option order | payload={'symbol': 'IWM260722P00293000', 'qty': '1', 'side': 'buy', 'type': 'limit', 'time_in_force': 'day', 'limit_price': '0.25', 'order_class': 'simple'}
2026-07-22T10:59:37 | INFO     | app.brokers.alpaca_broker | Placing option order | payload={'symbol': 'IWM260722P00293000', 'qty': '1', 'side': 'sell', 'type': 'limit', 'time_in_force': 'day', 'limit_price': '0.26', 'order_class': 'simple'}
2026-07-23T10:03:41 | INFO     | app.brokers.factory | Creating broker adapter | broker=alpaca | live=False
2026-07-23T10:03:42 | INFO     | app.brokers.alpaca_broker | AlpacaBroker initialised | paper=True | trade_url=https://paper-api.alpaca.markets | data_url=https://data.alpaca.markets
2026-07-23T10:03:46 | INFO     | app.brokers.alpaca_broker | Placing option order | payload={'symbol': 'SPY260723P00732000', 'qty': '1', 'side': 'buy', 'type': 'limit', 'time_in_force': 'day', 'limit_price': '0.19', 'order_class': 'simple'}
2026-07-23T10:04:16 | INFO     | app.brokers.alpaca_broker | Placing option order | payload={'symbol': 'SPY260723P00732000', 'qty': '1', 'side': 'sell', 'type': 'limit', 'time_in_force': 'day', 'limit_price': '0.12', 'order_class': 'simple'}
2026-07-24T09:30:08 | INFO     | app.brokers.factory | Creating broker adapter | broker=alpaca | live=False
2026-07-24T09:30:08 | INFO     | app.brokers.alpaca_broker | AlpacaBroker initialised | paper=True | trade_url=https://paper-api.alpaca.markets | data_url=https://data.alpaca.markets
2026-07-24T09:46:14 | INFO     | app.brokers.alpaca_broker | Placing option order | payload={'symbol': 'QQQ260724P00677000', 'qty': '1', 'side': 'buy', 'type': 'limit', 'time_in_force': 'day', 'limit_price': '0.27', 'order_class': 'simple'}
2026-07-24T09:49:20 | INFO     | app.brokers.alpaca_broker | Placing option order | payload={'symbol': 'AAPL260724C00332500', 'qty': '1', 'side': 'buy', 'type': 'limit', 'time_in_force': 'day', 'limit_price': '0.14', 'order_class': 'simple'}
2026-07-24T09:53:24 | INFO     | app.brokers.alpaca_broker | Placing option order | payload={'symbol': 'QQQ260724P00677000', 'qty': '1', 'side': 'sell', 'type': 'limit', 'time_in_force': 'day', 'limit_price': '0.54', 'order_class': 'simple'}
2026-07-24T09:53:55 | INFO     | app.brokers.alpaca_broker | Placing option order | payload={'symbol': 'SPY260724C00742000', 'qty': '1', 'side': 'buy', 'type': 'limit', 'time_in_force': 'day', 'limit_price': '0.33', 'order_class': 'simple'}
2026-07-24T09:56:59 | INFO     | app.brokers.alpaca_broker | Placing option order | payload={'symbol': 'AAPL260724C00332500', 'qty': '1', 'side': 'sell', 'type': 'limit', 'time_in_force': 'day', 'limit_price': '0.14', 'order_class': 'simple'}
2026-07-24T10:13:04 | INFO     | app.brokers.alpaca_broker | Placing option order | payload={'symbol': 'SPY260724C00742000', 'qty': '1', 'side': 'sell', 'type': 'limit', 'time_in_force': 'day', 'limit_price': '0.35', 'order_class': 'simple'}
2026-07-27T09:30:09 | INFO     | app.brokers.factory | Creating broker adapter | broker=alpaca | live=False
2026-07-27T09:30:09 | INFO     | app.brokers.alpaca_broker | AlpacaBroker initialised | paper=True | trade_url=https://paper-api.alpaca.markets | data_url=https://data.alpaca.markets
2026-07-27T09:45:39 | INFO     | app.brokers.alpaca_broker | Placing option order | payload={'symbol': 'QQQ260727P00677000', 'qty': '1', 'side': 'buy', 'type': 'limit', 'time_in_force': 'day', 'limit_price': '0.25', 'order_class': 'simple'}
2026-07-27T09:49:12 | INFO     | app.brokers.alpaca_broker | Placing option order | payload={'symbol': 'QQQ260727P00677000', 'qty': '1', 'side': 'sell', 'type': 'limit', 'time_in_force': 'day', 'limit_price': '0.23', 'order_class': 'simple'}
2026-07-27T10:00:53 | INFO     | app.brokers.alpaca_broker | Placing option order | payload={'symbol': 'SPY260727P00734000', 'qty': '1', 'side': 'buy', 'type': 'limit', 'time_in_force': 'day', 'limit_price': '0.17', 'order_class': 'simple'}
2026-07-27T10:08:36 | INFO     | app.brokers.alpaca_broker | Placing option order | payload={'symbol': 'SPY260727P00734000', 'qty': '1', 'side': 'sell', 'type': 'limit', 'time_in_force': 'day', 'limit_price': '0.12', 'order_class': 'simple'}
2026-07-27T11:22:52 | INFO     | app.brokers.alpaca_broker | Placing option order | payload={'symbol': 'AAPL260727C00342500', 'qty': '1', 'side': 'buy', 'type': 'limit', 'time_in_force': 'day', 'limit_price': '0.22', 'order_class': 'simple'}
2026-07-27T11:35:29 | INFO     | app.brokers.alpaca_broker | Placing option order | payload={'symbol': 'AAPL260727C00342500', 'qty': '1', 'side': 'sell', 'type': 'limit', 'time_in_force': 'day', 'limit_price': '0.21', 'order_class': 'simple'}
2026-07-28T09:30:09 | INFO     | app.brokers.factory | Creating broker adapter | broker=alpaca | live=False
2026-07-28T09:30:09 | INFO     | app.brokers.alpaca_broker | AlpacaBroker initialised | paper=True | trade_url=https://paper-api.alpaca.markets | data_url=https://data.alpaca.markets
2026-07-28T09:45:04 | INFO     | app.brokers.alpaca_broker | Placing option order | payload={'symbol': 'SPY260728P00726000', 'qty': '1', 'side': 'buy', 'type': 'limit', 'time_in_force': 'day', 'limit_price': '0.12', 'order_class': 'simple'}
2026-07-28T09:45:06 | INFO     | app.brokers.alpaca_broker | Placing option order | payload={'symbol': 'QQQ260728P00659000', 'qty': '1', 'side': 'buy', 'type': 'limit', 'time_in_force': 'day', 'limit_price': '0.29', 'order_class': 'simple'}
2026-07-28T09:47:11 | INFO     | app.brokers.alpaca_broker | Order cancelled | order_id=bb68f08a-69ef-4ba7-aa1e-4ff7b3e9f58e
2026-07-28T09:48:12 | INFO     | app.brokers.alpaca_broker | Placing option order | payload={'symbol': 'SPY260728P00726000', 'qty': '1', 'side': 'sell', 'type': 'limit', 'time_in_force': 'day', 'limit_price': '0.09', 'order_class': 'simple'}
2026-07-28T11:30:24 | INFO     | app.brokers.alpaca_broker | Placing option order | payload={'symbol': 'XLE260731P00057500', 'qty': '1', 'side': 'buy', 'type': 'limit', 'time_in_force': 'day', 'limit_price': '0.57', 'order_class': 'simple'}
2026-07-28T11:30:55 | INFO     | app.brokers.alpaca_broker | Placing option order | payload={'symbol': 'IWM260728C00295000', 'qty': '1', 'side': 'buy', 'type': 'limit', 'time_in_force': 'day', 'limit_price': '0.13', 'order_class': 'simple'}
2026-07-28T11:32:26 | INFO     | app.brokers.alpaca_broker | Order cancelled | order_id=8a4f96a6-1724-4edc-885c-1a9c31f2ef26
2026-07-28T11:33:28 | INFO     | app.brokers.alpaca_broker | Placing option order | payload={'symbol': 'AAPL260729C00340000', 'qty': '1', 'side': 'buy', 'type': 'limit', 'time_in_force': 'day', 'limit_price': '2.21', 'order_class': 'simple'}
2026-07-28T11:38:01 | INFO     | app.brokers.alpaca_broker | Placing option order | payload={'symbol': 'IWM260728C00295000', 'qty': '1', 'side': 'sell', 'type': 'limit', 'time_in_force': 'day', 'limit_price': '0.08', 'order_class': 'simple'}
2026-07-28T12:30:21 | INFO     | app.brokers.alpaca_broker | Placing option order | payload={'symbol': 'AAPL260729C00340000', 'qty': '1', 'side': 'sell', 'type': 'limit', 'time_in_force': 'day', 'limit_price': '2.24', 'order_class': 'simple'}
2026-07-28T12:30:26 | INFO     | app.brokers.alpaca_broker | Order cancelled | order_id=5e8f1684-2892-412b-8cda-6685b9abff20
2026-07-28T12:30:26 | INFO     | app.brokers.alpaca_broker | Placing option order | payload={'symbol': 'AAPL260729C00340000', 'qty': '1', 'side': 'sell', 'type': 'limit', 'time_in_force': 'day', 'limit_price': '2.2', 'order_class': 'simple'}
