=== PREFLIGHT 2026-09-03T09:20:01-04:00 ===
From https://github.com/Borgimus/Apps-
 * branch            agent/paper-scaled-sizing-250-10 -> FETCH_HEAD
Running focused safety suite...
.....................................                                    [100%]
37 passed in 6.50s
Running fingerprint and broker checks...

All static+broker checks passed — session is eligible for Phase 3 cohort.
{
  "commit_sha": "b005fa9026cbdf1a7258de6b6166c14478e4b617",
  "working_tree_dirty": false,
  "source_changes": [],
  "ignored_runtime_changes": [
    "logs/automation_2026-09-02.log"
  ],
  "config_hash_sha256_16": "d9b983ac2c7d4383",
  "requirements_lock_hash_sha256_16": "b91299a905e74506",
  "ticker_universe_hash_sha256_16": "112d178b8a6d7dbf",
  "broker_adapter_hashes_sha256_8": {
    "alpaca_broker": "ea5f90ca",
    "paper_broker": "241f1432",
    "broker_interface": "6a307cc7"
  }
}
PREFLIGHT PASS: session armed for 2026-09-03 at b005fa9026cbdf1a7258de6b6166c14478e4b617
