=== PREFLIGHT 2026-08-10T09:20:01-04:00 ===
From https://github.com/Borgimus/Apps-
 * branch            agent/paper-scaled-sizing-250-10 -> FETCH_HEAD
   ec34f16..d4832d9  agent/paper-scaled-sizing-250-10 -> origin/agent/paper-scaled-sizing-250-10
FAIL: local code is not current
local=ec34f16c7f053f62c2e01a05156bf78c733e1a4b
remote=d4832d94334dbf9657630e9416df1a5daf7ddbc6
=== PREFLIGHT 2026-08-10T09:59:50-04:00 ===
From https://github.com/Borgimus/Apps-
 * branch            agent/paper-scaled-sizing-250-10 -> FETCH_HEAD
Running focused safety suite...
.....................................                                    [100%]
37 passed in 3.48s
Running fingerprint and broker checks...

All static+broker checks passed — session is eligible for Phase 3 cohort.
{
  "commit_sha": "d4832d94334dbf9657630e9416df1a5daf7ddbc6",
  "working_tree_dirty": false,
  "source_changes": [],
  "ignored_runtime_changes": [
    "logs/automation_2026-08-07.log"
  ],
  "config_hash_sha256_16": "67954547a3a617d4",
  "requirements_lock_hash_sha256_16": "b91299a905e74506",
  "ticker_universe_hash_sha256_16": "a0b6951831e6a013",
  "broker_adapter_hashes_sha256_8": {
    "alpaca_broker": "bd9d7d0a",
    "paper_broker": "241f1432",
    "broker_interface": "6a307cc7"
  }
}
CHECK-ONLY PASS: kill switch remains active
