=== PREFLIGHT 2026-08-28T09:20:01-04:00 ===
From https://github.com/Borgimus/Apps-
 * branch            agent/paper-scaled-sizing-250-10 -> FETCH_HEAD
   0c478ab..6ef0dee  agent/paper-scaled-sizing-250-10 -> origin/agent/paper-scaled-sizing-250-10
FAIL: local code is not current
local=0c478abdac006ba88e11eac3b825f28d24d050b7
remote=6ef0deec86bafc75af9e8b0177c61518746a5be8
=== PREFLIGHT 2026-08-28T18:49:13-04:00 ===
From https://github.com/Borgimus/Apps-
 * branch            agent/paper-scaled-sizing-250-10 -> FETCH_HEAD
FAIL: local code is not current
local=f9daaf5db1d05a6080e165c72a4e6ea63b35fbc3
remote=6ef0deec86bafc75af9e8b0177c61518746a5be8
=== PREFLIGHT 2026-08-28T18:54:54-04:00 ===
From https://github.com/Borgimus/Apps-
 * branch            agent/paper-scaled-sizing-250-10 -> FETCH_HEAD
Running focused safety suite...
.....................................                                    [100%]
37 passed in 6.29s
Running fingerprint and broker checks...

All static+broker checks passed — session is eligible for Phase 3 cohort.
{
  "commit_sha": "6ef0deec86bafc75af9e8b0177c61518746a5be8",
  "working_tree_dirty": false,
  "source_changes": [],
  "ignored_runtime_changes": [],
  "config_hash_sha256_16": "d9b983ac2c7d4383",
  "requirements_lock_hash_sha256_16": "b91299a905e74506",
  "ticker_universe_hash_sha256_16": "112d178b8a6d7dbf",
  "broker_adapter_hashes_sha256_8": {
    "alpaca_broker": "ea5f90ca",
    "paper_broker": "241f1432",
    "broker_interface": "6a307cc7"
  }
}
CHECK-ONLY PASS: kill switch remains active
