=== PREFLIGHT 2026-08-25T09:20:01-04:00 ===
From https://github.com/Borgimus/Apps-
 * branch            agent/paper-scaled-sizing-250-10 -> FETCH_HEAD
Running focused safety suite...
.....................................                                    [100%]
37 passed in 5.02s
Running fingerprint and broker checks...

All static+broker checks passed — session is eligible for Phase 3 cohort.
{
  "commit_sha": "5455d7277a161c5ed0ef43d6676729d334fb179f",
  "working_tree_dirty": false,
  "source_changes": [],
  "ignored_runtime_changes": [
    "logs/automation_2026-08-24.log"
  ],
  "config_hash_sha256_16": "67954547a3a617d4",
  "requirements_lock_hash_sha256_16": "b91299a905e74506",
  "ticker_universe_hash_sha256_16": "a0b6951831e6a013",
  "broker_adapter_hashes_sha256_8": {
    "alpaca_broker": "bd9d7d0a",
    "paper_broker": "241f1432",
    "broker_interface": "6a307cc7"
  }
}
PREFLIGHT PASS: session armed for 2026-08-25 at 5455d7277a161c5ed0ef43d6676729d334fb179f
