=== PREFLIGHT 2026-08-26T09:20:01-04:00 ===
From https://github.com/Borgimus/Apps-
 * branch            agent/paper-scaled-sizing-250-10 -> FETCH_HEAD
Running focused safety suite...
.....................................                                    [100%]
37 passed in 6.44s
Running fingerprint and broker checks...

All static+broker checks passed — session is eligible for Phase 3 cohort.
{
  "commit_sha": "b0c0d28ed985d27fd5c1bca3b52efc36541edf91",
  "working_tree_dirty": false,
  "source_changes": [],
  "ignored_runtime_changes": [
    "logs/automation_2026-08-25.log"
  ],
  "config_hash_sha256_16": "67954547a3a617d4",
  "requirements_lock_hash_sha256_16": "b91299a905e74506",
  "ticker_universe_hash_sha256_16": "a0b6951831e6a013",
  "broker_adapter_hashes_sha256_8": {
    "alpaca_broker": "bd9d7d0a",
    "paper_broker": "241f1432",
    "broker_interface": "6a307cc7"
  }
}
PREFLIGHT PASS: session armed for 2026-08-26 at b0c0d28ed985d27fd5c1bca3b52efc36541edf91
=== PREFLIGHT 2026-08-26T17:46:03-04:00 ===
From https://github.com/Borgimus/Apps-
 * branch            agent/paper-scaled-sizing-250-10 -> FETCH_HEAD
Running focused safety suite...
.....................................                                    [100%]
37 passed in 3.62s
Running fingerprint and broker checks...

All static+broker checks passed — session is eligible for Phase 3 cohort.
{
  "commit_sha": "e4b4636220e070ce9f9412546a6d6f03def3dd2e",
  "working_tree_dirty": false,
  "source_changes": [],
  "ignored_runtime_changes": [
    "logs/preflight_2026-08-26.log"
  ],
  "config_hash_sha256_16": "67954547a3a617d4",
  "requirements_lock_hash_sha256_16": "b91299a905e74506",
  "ticker_universe_hash_sha256_16": "a0b6951831e6a013",
  "broker_adapter_hashes_sha256_8": {
    "alpaca_broker": "bd9d7d0a",
    "paper_broker": "241f1432",
    "broker_interface": "6a307cc7"
  }
}
CHECK-ONLY PASS: kill switch remains active
=== PREFLIGHT 2026-08-26T18:02:06-04:00 ===
From https://github.com/Borgimus/Apps-
 * branch            agent/paper-scaled-sizing-250-10 -> FETCH_HEAD
Running focused safety suite...
.....................................                                    [100%]
37 passed in 3.25s
Running fingerprint and broker checks...

All static+broker checks passed — session is eligible for Phase 3 cohort.
{
  "commit_sha": "e4b4636220e070ce9f9412546a6d6f03def3dd2e",
  "working_tree_dirty": false,
  "source_changes": [],
  "ignored_runtime_changes": [
    "logs/preflight_2026-08-26.log"
  ],
  "config_hash_sha256_16": "67954547a3a617d4",
  "requirements_lock_hash_sha256_16": "b91299a905e74506",
  "ticker_universe_hash_sha256_16": "a0b6951831e6a013",
  "broker_adapter_hashes_sha256_8": {
    "alpaca_broker": "bd9d7d0a",
    "paper_broker": "241f1432",
    "broker_interface": "6a307cc7"
  }
}
CHECK-ONLY PASS: kill switch remains active
