2026-07-29T09:38:26 | INFO     | root | Logging configured | level=INFO | dir=logs | handlers=6 | session_redirected=True
2026-07-29T09:38:29 | INFO     | app.brokers.factory | Creating broker adapter | broker=alpaca | live=False
2026-07-29T09:38:29 | INFO     | app.brokers.alpaca_broker | AlpacaBroker initialised | paper=True | trade_url=https://paper-api.alpaca.markets | data_url=https://data.alpaca.markets
2026-07-29T09:38:29 | INFO     | app.utils.alerting | AlertService: No channels configured — alerts suppressed
2026-07-29T09:38:29 | INFO     | session_runner | RSITrendStrategy config | rsi_period=14 | rsi_oversold=35.0 | rsi_overbought=65.0 | trend_ema_period=50 | min_bars_required=55 | bar_interval=5m | mode=standard
2026-07-29T09:38:29 | INFO     | session_runner | Session runner starting | mode=PAPER | symbols=['SPY'] | universe=manual | poll=30s

════════════════════════════════════════════════════════════
  Session Runner — 2026-07-29  [PAPER]
  Market: 09:30 – 16:00 ET
  EOD exit: 12:30 ET  |  Poll: every 30s
════════════════════════════════════════════════════════════

2026-07-29T09:38:29 | INFO     | app.evaluation.pre_session | pre_session [PASS] paper_mode_confirmed: Live trading disabled — paper mode confirmed
2026-07-29T09:38:29 | INFO     | app.evaluation.pre_session | pre_session [PASS] kill_switch_inactive: Kill switch inactive
2026-07-29T09:38:29 | INFO     | app.evaluation.pre_session | pre_session [PASS] market_day: Today is Wednesday 2026-07-29 — trading day
2026-07-29T09:38:29 | INFO     | app.evaluation.pre_session | pre_session [PASS] broker_reachable: Broker reachable — paper=True
2026-07-29T09:38:29 | INFO     | app.evaluation.pre_session | pre_session [PASS] db_writable: Database accessible and writable
2026-07-29T09:38:29 | INFO     | app.evaluation.pre_session | pre_session [PASS] logs_writable: Log directory writable: logs
2026-07-29T09:38:29 | INFO     | app.evaluation.pre_session | pre_session [PASS] daily_loss_reset: Daily PnL at zero — fresh session
2026-07-29T09:38:29 | INFO     | app.evaluation.pre_session | pre_session [PASS] no_stale_pending_orders: No stale pending orders from prior sessions
2026-07-29T09:38:29 | INFO     | app.evaluation.pre_session | pre_session [PASS] data_feed_fresh: No prior session log today — first run of the day
Pre-session checklist:
  ✓  [required]  paper_mode_confirmed            Live trading disabled — paper mode confirmed
  ✓  [required]  kill_switch_inactive            Kill switch inactive
  ✓  [advisory]  market_day                      Today is Wednesday 2026-07-29 — trading day
  ✓  [required]  broker_reachable                Broker reachable — paper=True
  ✓  [required]  db_writable                     Database accessible and writable
  ✓  [required]  logs_writable                   Log directory writable: logs
  ✓  [required]  daily_loss_reset                Daily PnL at zero — fresh session
  ✓  [required]  no_stale_pending_orders         No stale pending orders from prior sessions
  ✓  [advisory]  data_feed_fresh                 No prior session log today — first run of the day

  Result: PASS
2026-07-29T09:38:29 | INFO     | session_runner | Pre-session checklist results:
Pre-session checklist:
  ✓  [required]  paper_mode_confirmed            Live trading disabled — paper mode confirmed
  ✓  [required]  kill_switch_inactive            Kill switch inactive
  ✓  [advisory]  market_day                      Today is Wednesday 2026-07-29 — trading day
  ✓  [required]  broker_reachable                Broker reachable — paper=True
  ✓  [required]  db_writable                     Database accessible and writable
  ✓  [required]  logs_writable                   Log directory writable: logs
  ✓  [required]  daily_loss_reset                Daily PnL at zero — fresh session
  ✓  [required]  no_stale_pending_orders         No stale pending orders from prior sessions
  ✓  [advisory]  data_feed_fresh                 No prior session log today — first run of the day

  Result: PASS
2026-07-29T09:38:29 | INFO     | session_runner | Pre-session checks PASSED — proceeding
2026-07-29T09:38:29 | INFO     | app.risk.risk_manager | RiskManager: new session 2026-07-29 | starting_equity=99459.03
2026-07-29T09:38:29 | INFO     | session_runner | Account: equity=99459.03 paper=True
2026-07-29T09:38:29 | INFO     | session_runner | Paper endpoint verified | hostname=paper-api.alpaca.markets key_prefix=PK
2026-07-29T09:38:30 | INFO     | app.trading.session_recovery | Recovery: _pending_entries set to 0 (broker-confirmed open orders; DB had 0 rows)
2026-07-29T09:38:30 | INFO     | app.risk.risk_manager | RiskManager: counters restored from DB | entries 0→0 | pending 0→0 | pnl 0.00
2026-07-29T09:38:30 | INFO     | app.trading.session_recovery | Recovery complete: 0 pending orders, 0 broker positions, 0 warnings, 0 errors
2026-07-29T09:38:30 | INFO     | session_runner | Running pre-session universe scan (mode=manual) …
2026-07-29T09:38:30 | INFO     | app.scanning.universe_loader | UniverseLoader: loaded 5 groups (13 flat symbols) from /root/trader/config/ticker_universe.yaml (blacklist=0)
2026-07-29T09:38:30 | INFO     | app.scanning.universe_loader | UniverseLoader: 10 symbols from 2 group(s) (blacklist=0)
2026-07-29T09:38:30 | INFO     | session_runner | Universe scan: 10 symbols from 2 group(s) | max_active=3
2026-07-29T09:38:31 | INFO     | session_runner | Scan: 6 passed, 4 rejected
2026-07-29T09:38:31 | INFO     | session_runner |   IWM     score=68.0  signal=LONG     reasons: rvol=3.25x (high), atr=1.19% (good range), near_orb_level
2026-07-29T09:38:31 | INFO     | session_runner |   XLF     score=66.0  signal=LONG     reasons: rvol=2.82x (high), atr=1.12% (good range), near_orb_level
2026-07-29T09:38:31 | INFO     | session_runner |   XLE     score=65.0  signal=LONG     reasons: rvol=3.72x (high), atr=2.08% (wide-range), trend_up
2026-07-29T09:38:31 | INFO     | session_runner |   AAPL    score=55.0  signal=LONG     reasons: rvol=2.42x (high), atr=2.13% (wide-range), trend_up
2026-07-29T09:38:31 | INFO     | session_runner |   XLY     score=48.0  signal=NEUTRAL  reasons: rvol=1.55x (elevated), atr=1.67% (wide-range), near_orb_level
2026-07-29T09:38:31 | INFO     | app.strategies.liquidity_filter | LiquidityFilter: selected XLE260731C00059500 | delta=0.401 | spread_pct=0.099 | OI=2539 | vol=280
2026-07-29T09:38:31 | INFO     | app.scanning.alpaca_confirmer | AlpacaConfirmer: confirmed XLE | XLE260731C00059500 | exp=2026-07-31 | spread=9.90% | OI=2539 | vol=280
2026-07-29T09:38:31 | INFO     | app.strategies.liquidity_filter | LiquidityFilter: no qualifying contracts for XLF SignalDirection.LONG | total_candidates=40
2026-07-29T09:38:31 | INFO     | app.scanning.alpaca_confirmer | AlpacaConfirmer: no liquid contract for XLF (signal=LONG)
2026-07-29T09:38:31 | INFO     | app.strategies.liquidity_filter | LiquidityFilter: selected IWM260729C00298000 | delta=N/A | spread_pct=0.041 | OI=2708 | vol=2641
2026-07-29T09:38:31 | INFO     | app.scanning.alpaca_confirmer | AlpacaConfirmer: confirmed IWM | IWM260729C00298000 | exp=2026-07-29 | spread=4.08% | OI=2708 | vol=2641
2026-07-29T09:38:31 | INFO     | app.strategies.liquidity_filter | LiquidityFilter: selected AAPL260729C00345000 | delta=N/A | spread_pct=0.089 | OI=4368 | vol=96043
2026-07-29T09:38:31 | INFO     | app.scanning.alpaca_confirmer | AlpacaConfirmer: confirmed AAPL | AAPL260729C00345000 | exp=2026-07-29 | spread=8.89% | OI=4368 | vol=96043
2026-07-29T09:38:31 | INFO     | app.strategies.liquidity_filter | LiquidityFilter: no qualifying contracts for SMH SignalDirection.SHORT | total_candidates=110
2026-07-29T09:38:31 | INFO     | app.scanning.alpaca_confirmer | AlpacaConfirmer: liquidity_rejected_cost_cap | symbol=SMH | option_symbol=SMH260729P00562500 | ask=34.63 | ask_x_100=3463 | max_contract_cost=995
2026-07-29T09:38:31 | INFO     | app.scanning.alpaca_confirmer | AlpacaConfirmer: no liquid contract for SMH (signal=SHORT)
2026-07-29T09:38:31 | INFO     | session_runner | AlpacaConfirmer: 3 confirmed symbols: ['IWM', 'XLE', 'AAPL']
2026-07-29T09:38:31 | INFO     | session_runner | Active symbols from scan: ['IWM', 'XLE', 'AAPL']
2026-07-29T09:38:31 | INFO     | session_runner | [cycle 1] 09:38:31 ET | positions=0 | entries=0
2026-07-29T09:38:32 | INFO     | app.trading.reconciler | Reconciliation done: broker_pos=0 local_pos=0 broker_orders=0 local_pending=0 repaired=0 flagged=0 orders_confirmed=True positions_confirmed=True
2026-07-29T09:38:32 | INFO     | session_runner | [bridge:IWM] rsi_trend ready: sufficient bars
2026-07-29T09:38:32 | INFO     | session_runner | [bridge:XLE] rsi_trend ready: sufficient bars
2026-07-29T09:38:32 | INFO     | session_runner | [bridge:AAPL] rsi_trend ready: sufficient bars
2026-07-29T09:38:32 | INFO     | session_runner | Direction mismatch: scanner=LONG strategy=SHORT for AAPL/vwap_reclaim — skipped
2026-07-29T09:39:02 | INFO     | session_runner | [cycle 2] 09:39:02 ET | positions=0 | entries=0
2026-07-29T09:39:02 | INFO     | session_runner | [bridge:IWM] rsi_trend ready: sufficient bars
2026-07-29T09:39:03 | INFO     | session_runner | [bridge:XLE] rsi_trend ready: sufficient bars
2026-07-29T09:39:03 | INFO     | session_runner | [bridge:AAPL] rsi_trend ready: sufficient bars
2026-07-29T09:39:03 | INFO     | session_runner | Direction mismatch: scanner=LONG strategy=SHORT for AAPL/vwap_reclaim — skipped
2026-07-29T09:39:33 | INFO     | session_runner | [cycle 3] 09:39:33 ET | positions=0 | entries=0
2026-07-29T09:39:33 | INFO     | session_runner | [bridge:IWM] rsi_trend ready: sufficient bars
2026-07-29T09:39:34 | INFO     | session_runner | [bridge:XLE] rsi_trend ready: sufficient bars
2026-07-29T09:39:34 | INFO     | session_runner | [bridge:AAPL] rsi_trend ready: sufficient bars
2026-07-29T09:39:34 | INFO     | session_runner | Direction mismatch: scanner=LONG strategy=SHORT for AAPL/vwap_reclaim — skipped
2026-07-29T09:40:04 | INFO     | session_runner | [cycle 4] 09:40:04 ET | positions=0 | entries=0
2026-07-29T09:40:04 | INFO     | session_runner | [bridge:IWM] rsi_trend ready: sufficient bars
2026-07-29T09:40:05 | INFO     | session_runner | [bridge:XLE] rsi_trend ready: sufficient bars
2026-07-29T09:40:05 | INFO     | session_runner | [bridge:AAPL] rsi_trend ready: sufficient bars
2026-07-29T09:40:05 | INFO     | session_runner | Direction mismatch: scanner=LONG strategy=SHORT for AAPL/vwap_reclaim — skipped
2026-07-29T09:40:35 | INFO     | session_runner | [cycle 5] 09:40:35 ET | positions=0 | entries=0
2026-07-29T09:40:35 | INFO     | session_runner | [bridge:IWM] rsi_trend ready: sufficient bars
2026-07-29T09:40:36 | INFO     | session_runner | [bridge:XLE] rsi_trend ready: sufficient bars
2026-07-29T09:40:36 | INFO     | session_runner | [bridge:AAPL] rsi_trend ready: sufficient bars
2026-07-29T09:40:36 | INFO     | session_runner | Direction mismatch: scanner=LONG strategy=SHORT for AAPL/vwap_reclaim — skipped
2026-07-29T09:41:06 | INFO     | session_runner | [cycle 6] 09:41:06 ET | positions=0 | entries=0
2026-07-29T09:41:06 | INFO     | session_runner | [bridge:IWM] rsi_trend ready: sufficient bars
2026-07-29T09:41:06 | INFO     | session_runner | [bridge:XLE] rsi_trend ready: sufficient bars
2026-07-29T09:41:07 | INFO     | session_runner | [bridge:AAPL] rsi_trend ready: sufficient bars
2026-07-29T09:41:07 | INFO     | session_runner | Direction mismatch: scanner=LONG strategy=SHORT for AAPL/vwap_reclaim — skipped
2026-07-29T09:41:37 | INFO     | session_runner | [cycle 7] 09:41:37 ET | positions=0 | entries=0
2026-07-29T09:41:37 | INFO     | session_runner | [bridge:IWM] rsi_trend ready: sufficient bars
2026-07-29T09:41:37 | INFO     | session_runner | [bridge:XLE] rsi_trend ready: sufficient bars
2026-07-29T09:41:38 | INFO     | session_runner | [bridge:AAPL] rsi_trend ready: sufficient bars
2026-07-29T09:41:38 | INFO     | session_runner | Direction mismatch: scanner=LONG strategy=SHORT for AAPL/vwap_reclaim — skipped
2026-07-29T09:42:08 | INFO     | session_runner | [cycle 8] 09:42:08 ET | positions=0 | entries=0
2026-07-29T09:42:08 | INFO     | session_runner | [bridge:IWM] rsi_trend ready: sufficient bars
2026-07-29T09:42:08 | INFO     | session_runner | [bridge:XLE] rsi_trend ready: sufficient bars
2026-07-29T09:42:08 | INFO     | session_runner | [bridge:AAPL] rsi_trend ready: sufficient bars
2026-07-29T09:42:08 | INFO     | session_runner | Direction mismatch: scanner=LONG strategy=SHORT for AAPL/vwap_reclaim — skipped
2026-07-29T09:42:38 | INFO     | session_runner | [cycle 9] 09:42:38 ET | positions=0 | entries=0
2026-07-29T09:42:39 | INFO     | session_runner | [bridge:IWM] rsi_trend ready: sufficient bars
2026-07-29T09:42:39 | INFO     | session_runner | [bridge:XLE] rsi_trend ready: sufficient bars
2026-07-29T09:42:39 | INFO     | session_runner | [bridge:AAPL] rsi_trend ready: sufficient bars
2026-07-29T09:42:39 | INFO     | session_runner | Direction mismatch: scanner=LONG strategy=SHORT for AAPL/vwap_reclaim — skipped
2026-07-29T09:43:09 | INFO     | session_runner | [cycle 10] 09:43:09 ET | positions=0 | entries=0
2026-07-29T09:43:09 | INFO     | session_runner | [bridge:IWM] rsi_trend ready: sufficient bars
2026-07-29T09:43:10 | INFO     | session_runner | [bridge:XLE] rsi_trend ready: sufficient bars
2026-07-29T09:43:10 | INFO     | session_runner | [bridge:AAPL] rsi_trend ready: sufficient bars
2026-07-29T09:43:10 | INFO     | session_runner | Direction mismatch: scanner=LONG strategy=SHORT for AAPL/vwap_reclaim — skipped
2026-07-29T09:43:40 | INFO     | session_runner | [cycle 11] 09:43:40 ET | positions=0 | entries=0
2026-07-29T09:43:40 | INFO     | session_runner | Periodic universe re-scan …
2026-07-29T09:43:40 | INFO     | app.scanning.universe_loader | UniverseLoader: loaded 5 groups (13 flat symbols) from /root/trader/config/ticker_universe.yaml (blacklist=0)
2026-07-29T09:43:40 | INFO     | app.scanning.universe_loader | UniverseLoader: 10 symbols from 2 group(s) (blacklist=0)
2026-07-29T09:43:40 | INFO     | session_runner | Universe scan: 10 symbols from 2 group(s) | max_active=3
2026-07-29T09:43:41 | INFO     | session_runner | Scan: 6 passed, 4 rejected
2026-07-29T09:43:41 | INFO     | session_runner |   AAPL    score=73.0  signal=LONG     reasons: rvol=2.31x (high), atr=2.12% (wide-range), near_orb_level
2026-07-29T09:43:41 | INFO     | session_runner |   IWM     score=58.0  signal=NEUTRAL  reasons: rvol=2.48x (high), atr=1.20% (good range), near_orb_level
2026-07-29T09:43:41 | INFO     | session_runner |   XLE     score=58.0  signal=NEUTRAL  reasons: rvol=3.81x (high), atr=2.09% (wide-range), near_orb_level
2026-07-29T09:43:41 | INFO     | session_runner |   XLF     score=53.0  signal=LONG     reasons: rvol=2.57x (high), atr=1.12% (good range), trend_up
2026-07-29T09:43:41 | INFO     | session_runner |   SMH     score=45.0  signal=SHORT    reasons: rvol=1.31x (normal), atr=4.49% (wide-range), trend_down
2026-07-29T09:43:41 | INFO     | app.strategies.liquidity_filter | LiquidityFilter: no qualifying contracts for XLF SignalDirection.LONG | total_candidates=40
2026-07-29T09:43:41 | INFO     | app.scanning.alpaca_confirmer | AlpacaConfirmer: no liquid contract for XLF (signal=LONG)
2026-07-29T09:43:41 | INFO     | app.strategies.liquidity_filter | LiquidityFilter: selected AAPL260729C00345000 | delta=N/A | spread_pct=0.022 | OI=4368 | vol=96043
2026-07-29T09:43:41 | INFO     | app.scanning.alpaca_confirmer | AlpacaConfirmer: confirmed AAPL | AAPL260729C00345000 | exp=2026-07-29 | spread=2.25% | OI=4368 | vol=96043
2026-07-29T09:43:41 | INFO     | app.strategies.liquidity_filter | LiquidityFilter: no qualifying contracts for SMH SignalDirection.SHORT | total_candidates=110
2026-07-29T09:43:41 | INFO     | app.scanning.alpaca_confirmer | AlpacaConfirmer: no liquid contract for SMH (signal=SHORT)
2026-07-29T09:43:41 | INFO     | app.strategies.liquidity_filter | LiquidityFilter: selected QQQ260729P00661000 | delta=N/A | spread_pct=0.014 | OI=944 | vol=6819
2026-07-29T09:43:41 | INFO     | app.scanning.alpaca_confirmer | AlpacaConfirmer: confirmed QQQ | QQQ260729P00661000 | exp=2026-07-29 | spread=1.36% | OI=944 | vol=6819
2026-07-29T09:43:41 | INFO     | session_runner | AlpacaConfirmer: 2 confirmed symbols: ['AAPL', 'QQQ']
2026-07-29T09:43:41 | INFO     | session_runner | Re-scan updated active symbols: ['AAPL', 'QQQ']
2026-07-29T09:43:42 | INFO     | session_runner | [bridge:AAPL] rsi_trend ready: sufficient bars
2026-07-29T09:43:42 | INFO     | session_runner | Direction mismatch: scanner=LONG strategy=SHORT for AAPL/vwap_reclaim — skipped
2026-07-29T09:43:42 | INFO     | session_runner | [bridge:QQQ] rsi_trend ready: sufficient bars
2026-07-29T09:44:12 | INFO     | session_runner | [cycle 12] 09:44:12 ET | positions=0 | entries=0
2026-07-29T09:44:12 | INFO     | session_runner | [bridge:AAPL] rsi_trend ready: sufficient bars
2026-07-29T09:44:12 | INFO     | session_runner | Direction mismatch: scanner=LONG strategy=SHORT for AAPL/vwap_reclaim — skipped
2026-07-29T09:44:12 | INFO     | session_runner | [bridge:QQQ] rsi_trend ready: sufficient bars
2026-07-29T09:44:42 | INFO     | session_runner | [cycle 13] 09:44:42 ET | positions=0 | entries=0
2026-07-29T09:44:42 | INFO     | session_runner | [bridge:AAPL] rsi_trend ready: sufficient bars
2026-07-29T09:44:42 | INFO     | session_runner | Direction mismatch: scanner=LONG strategy=SHORT for AAPL/vwap_reclaim — skipped
2026-07-29T09:44:43 | INFO     | session_runner | [bridge:QQQ] rsi_trend ready: sufficient bars
2026-07-29T09:45:13 | INFO     | session_runner | [cycle 14] 09:45:13 ET | positions=0 | entries=0
2026-07-29T09:45:13 | INFO     | session_runner | [bridge:AAPL] rsi_trend ready: sufficient bars
2026-07-29T09:45:13 | INFO     | session_runner | Direction mismatch: scanner=LONG strategy=SHORT for AAPL/vwap_reclaim — skipped
2026-07-29T09:45:13 | INFO     | session_runner | [bridge:QQQ] rsi_trend ready: sufficient bars
2026-07-29T09:45:44 | INFO     | session_runner | [cycle 15] 09:45:44 ET | positions=0 | entries=0
2026-07-29T09:45:44 | INFO     | session_runner | [bridge:AAPL] rsi_trend ready: sufficient bars
2026-07-29T09:45:44 | INFO     | session_runner | Direction mismatch: scanner=LONG strategy=SHORT for AAPL/vwap_reclaim — skipped
2026-07-29T09:45:44 | INFO     | session_runner | [bridge:QQQ] rsi_trend ready: sufficient bars
2026-07-29T09:46:14 | INFO     | session_runner | [cycle 16] 09:46:14 ET | positions=0 | entries=0
2026-07-29T09:46:14 | INFO     | session_runner | [bridge:AAPL] rsi_trend ready: sufficient bars
2026-07-29T09:46:15 | INFO     | app.strategies.liquidity_filter | LiquidityFilter: selected AAPL260729C00345000 | delta=N/A | spread_pct=0.014 | OI=4368 | vol=5971
2026-07-29T09:46:15 | INFO     | session_runner | Paper scaled sizing | AAPL260729C00345000 | ask=0.7000 | budget=$250.00 | qty=3 | premium=$210.00 | cap=10
2026-07-29T09:46:15 | INFO     | app.risk.risk_manager | RiskManager: APPROVED OrderSide.BUY_TO_OPEN AAPL260729C00345000 | APPROVED | qty=3 | risk=$210.00
2026-07-29T09:46:15 | INFO     | app.brokers.alpaca_broker | Placing option order | payload={'symbol': 'AAPL260729C00345000', 'qty': '3', 'side': 'buy', 'type': 'limit', 'time_in_force': 'day', 'limit_price': '0.7', 'order_class': 'simple'}
2026-07-29T09:46:15 | INFO     | app.risk.risk_manager | RiskManager: entry pending | entries=0 pending=1 exits=0
2026-07-29T09:46:15 | INFO     | session_runner | Order placed: 60e24014 | AAPL260729C00345000 | limit=0.70 | status=pending_new
2026-07-29T09:46:15 | INFO     | app.trading.trade_journal | Journal entry 315: long AAPL260729C00345000 @ 0.7000
2026-07-29T09:46:15 | INFO     | app.trading.fill_tracker | FillTracker registered 60e24014 | AAPL260729C00345000 | limit=0.7000
2026-07-29T09:46:15 | INFO     | session_runner | Direction mismatch: scanner=LONG strategy=SHORT for AAPL/vwap_reclaim — skipped
2026-07-29T09:46:15 | INFO     | session_runner | [bridge:QQQ] rsi_trend ready: sufficient bars
2026-07-29T09:46:15 | INFO     | app.strategies.liquidity_filter | LiquidityFilter: selected QQQ260729P00661000 | delta=N/A | spread_pct=0.015 | OI=944 | vol=621
2026-07-29T09:46:15 | INFO     | session_runner | Paper scaled sizing | QQQ260729P00661000 | ask=0.6700 | budget=$250.00 | qty=3 | premium=$201.00 | cap=10
2026-07-29T09:46:15 | INFO     | app.risk.risk_manager | RiskManager: APPROVED OrderSide.BUY_TO_OPEN QQQ260729P00661000 | APPROVED | qty=3 | risk=$201.00
2026-07-29T09:46:15 | INFO     | app.brokers.alpaca_broker | Placing option order | payload={'symbol': 'QQQ260729P00661000', 'qty': '3', 'side': 'buy', 'type': 'limit', 'time_in_force': 'day', 'limit_price': '0.67', 'order_class': 'simple'}
2026-07-29T09:46:15 | INFO     | app.risk.risk_manager | RiskManager: entry pending | entries=0 pending=2 exits=0
2026-07-29T09:46:15 | INFO     | session_runner | Order placed: c5f05c5c | QQQ260729P00661000 | limit=0.67 | status=pending_new
2026-07-29T09:46:15 | INFO     | app.trading.trade_journal | Journal entry 316: short QQQ260729P00661000 @ 0.6700
2026-07-29T09:46:15 | INFO     | app.trading.fill_tracker | FillTracker registered c5f05c5c | QQQ260729P00661000 | limit=0.6700
2026-07-29T09:46:45 | INFO     | session_runner | [cycle 17] 09:46:45 ET | positions=0 | entries=0
2026-07-29T09:46:45 | INFO     | app.trading.fill_tracker | FillTracker: FILL 60e24014 @ 0.7000 (3/3 contracts)
2026-07-29T09:46:45 | INFO     | app.trading.trade_journal | Journal fill 315: filled=3 @ 0.7000 ttf=31s
2026-07-29T09:46:45 | INFO     | app.trading.position_manager | Position opened | AAPL260729C00345000 | entry=0.7000 | qty=3 | trail_activation=+25.0%
2026-07-29T09:46:45 | INFO     | app.risk.risk_manager | RiskManager: entry filled | entries=1 pending=1 exits=0
2026-07-29T09:46:45 | INFO     | session_runner | FillTracker: 1 fill(s) processed this cycle
2026-07-29T09:47:16 | INFO     | session_runner | [cycle 18] 09:47:16 ET | positions=1 | entries=1
2026-07-29T09:47:46 | INFO     | session_runner | [cycle 19] 09:47:46 ET | positions=1 | entries=1
2026-07-29T09:47:46 | INFO     | app.trading.position_manager | Trailing stop armed | AAPL260729C00345000 | peak=0.8800 | activation=0.8750 | trail=25.0%
2026-07-29T09:48:16 | INFO     | session_runner | [cycle 20] 09:48:16 ET | positions=1 | entries=1
2026-07-29T09:48:16 | WARNING  | app.trading.fill_tracker | FillTracker: stale order c5f05c5c (2 min) — cancelling
2026-07-29T09:48:16 | INFO     | app.brokers.alpaca_broker | Order cancelled | order_id=c5f05c5c-d206-43b7-adbb-90aa57be376b
2026-07-29T09:48:16 | INFO     | app.risk.risk_manager | RiskManager: entry cancelled | entries=1 pending=0 exits=0
2026-07-29T09:48:16 | INFO     | app.trading.trade_journal | Journal cancellation 316: stale_cancelled
2026-07-29T09:48:46 | INFO     | session_runner | [cycle 21] 09:48:46 ET | positions=1 | entries=1
2026-07-29T09:48:46 | INFO     | app.trading.reconciler | Reconciliation done: broker_pos=1 local_pos=1 broker_orders=0 local_pending=0 repaired=0 flagged=0 orders_confirmed=True positions_confirmed=True
2026-07-29T09:48:46 | INFO     | session_runner | Periodic universe re-scan …
2026-07-29T09:48:46 | INFO     | app.scanning.universe_loader | UniverseLoader: loaded 5 groups (13 flat symbols) from /root/trader/config/ticker_universe.yaml (blacklist=0)
2026-07-29T09:48:46 | INFO     | app.scanning.universe_loader | UniverseLoader: 10 symbols from 2 group(s) (blacklist=0)
2026-07-29T09:48:46 | INFO     | session_runner | Universe scan: 10 symbols from 2 group(s) | max_active=3
2026-07-29T09:48:48 | INFO     | session_runner | Scan: 6 passed, 4 rejected
2026-07-29T09:48:48 | INFO     | session_runner |   AAPL    score=85.0  signal=LONG     reasons: rvol=2.18x (high), atr=2.15% (wide-range), orb_breakout
2026-07-29T09:48:48 | INFO     | session_runner |   QQQ     score=65.0  signal=SHORT    reasons: rvol=1.44x (normal), atr=1.85% (wide-range), orb_breakdown
2026-07-29T09:48:48 | INFO     | session_runner |   XLE     score=65.0  signal=LONG     reasons: rvol=3.92x (high), atr=2.08% (wide-range), trend_up
2026-07-29T09:48:48 | INFO     | session_runner |   IWM     score=58.0  signal=NEUTRAL  reasons: rvol=2.26x (high), atr=1.20% (good range), near_orb_level
2026-07-29T09:48:48 | INFO     | session_runner |   SMH     score=55.0  signal=SHORT    reasons: rvol=1.65x (elevated), atr=4.51% (wide-range), trend_down
2026-07-29T09:48:48 | INFO     | app.strategies.liquidity_filter | LiquidityFilter: selected AAPL260729C00347500 | delta=N/A | spread_pct=0.053 | OI=2370 | vol=1328
2026-07-29T09:48:48 | INFO     | app.scanning.alpaca_confirmer | AlpacaConfirmer: confirmed AAPL | AAPL260729C00347500 | exp=2026-07-29 | spread=5.26% | OI=2370 | vol=1328
2026-07-29T09:48:48 | INFO     | app.strategies.liquidity_filter | LiquidityFilter: no qualifying contracts for XLE SignalDirection.LONG | total_candidates=42
2026-07-29T09:48:48 | INFO     | app.scanning.alpaca_confirmer | AlpacaConfirmer: no liquid contract for XLE (signal=LONG)
2026-07-29T09:48:48 | INFO     | app.strategies.liquidity_filter | LiquidityFilter: no qualifying contracts for XLF SignalDirection.LONG | total_candidates=40
2026-07-29T09:48:48 | INFO     | app.scanning.alpaca_confirmer | AlpacaConfirmer: no liquid contract for XLF (signal=LONG)
2026-07-29T09:48:48 | INFO     | app.strategies.liquidity_filter | LiquidityFilter: no qualifying contracts for SMH SignalDirection.SHORT | total_candidates=110
2026-07-29T09:48:48 | INFO     | app.scanning.alpaca_confirmer | AlpacaConfirmer: liquidity_rejected_cost_cap | symbol=SMH | option_symbol=SMH260729P00562500 | ask=39.30 | ask_x_100=3930 | max_contract_cost=995
2026-07-29T09:48:48 | INFO     | app.scanning.alpaca_confirmer | AlpacaConfirmer: no liquid contract for SMH (signal=SHORT)
2026-07-29T09:48:48 | INFO     | app.strategies.liquidity_filter | LiquidityFilter: selected QQQ260729P00660000 | delta=N/A | spread_pct=0.027 | OI=1435 | vol=1339
2026-07-29T09:48:48 | INFO     | app.scanning.alpaca_confirmer | AlpacaConfirmer: confirmed QQQ | QQQ260729P00660000 | exp=2026-07-29 | spread=2.67% | OI=1435 | vol=1339
2026-07-29T09:48:48 | INFO     | session_runner | AlpacaConfirmer: 2 confirmed symbols: ['AAPL', 'QQQ']
2026-07-29T09:48:48 | INFO     | session_runner | Re-scan updated active symbols: ['AAPL', 'QQQ']
2026-07-29T09:49:18 | INFO     | session_runner | [cycle 22] 09:49:18 ET | positions=1 | entries=1
2026-07-29T09:49:49 | INFO     | session_runner | [cycle 23] 09:49:49 ET | positions=1 | entries=1
2026-07-29T09:50:19 | INFO     | session_runner | [cycle 24] 09:50:19 ET | positions=1 | entries=1
2026-07-29T09:50:49 | INFO     | session_runner | [cycle 25] 09:50:49 ET | positions=1 | entries=1
2026-07-29T09:51:19 | INFO     | session_runner | [cycle 26] 09:51:19 ET | positions=1 | entries=1
2026-07-29T09:51:49 | INFO     | session_runner | [cycle 27] 09:51:49 ET | positions=1 | entries=1
2026-07-29T09:52:20 | INFO     | session_runner | [cycle 28] 09:52:20 ET | positions=1 | entries=1
2026-07-29T09:52:50 | INFO     | session_runner | [cycle 29] 09:52:50 ET | positions=1 | entries=1
2026-07-29T09:53:20 | INFO     | session_runner | [cycle 30] 09:53:20 ET | positions=1 | entries=1
2026-07-29T09:53:50 | INFO     | session_runner | [cycle 31] 09:53:50 ET | positions=1 | entries=1
2026-07-29T09:53:50 | INFO     | session_runner | Periodic universe re-scan …
2026-07-29T09:53:50 | INFO     | app.scanning.universe_loader | UniverseLoader: loaded 5 groups (13 flat symbols) from /root/trader/config/ticker_universe.yaml (blacklist=0)
2026-07-29T09:53:50 | INFO     | app.scanning.universe_loader | UniverseLoader: 10 symbols from 2 group(s) (blacklist=0)
2026-07-29T09:53:50 | INFO     | session_runner | Universe scan: 10 symbols from 2 group(s) | max_active=3
2026-07-29T09:53:52 | INFO     | session_runner | Scan: 8 passed, 2 rejected
2026-07-29T09:53:52 | INFO     | session_runner |   AAPL    score=85.0  signal=LONG     reasons: rvol=2.03x (high), atr=2.17% (wide-range), orb_breakout
2026-07-29T09:53:52 | INFO     | session_runner |   IWM     score=80.0  signal=SHORT    reasons: rvol=2.55x (high), atr=1.22% (good range), orb_breakdown
2026-07-29T09:53:52 | INFO     | session_runner |   QQQ     score=75.0  signal=SHORT    reasons: rvol=1.63x (elevated), atr=1.90% (wide-range), orb_breakdown
2026-07-29T09:53:52 | INFO     | session_runner |   SMH     score=75.0  signal=SHORT    reasons: rvol=1.55x (elevated), atr=4.66% (wide-range), orb_breakdown
2026-07-29T09:53:52 | INFO     | session_runner |   XLF     score=68.0  signal=SHORT    reasons: rvol=2.42x (high), atr=1.12% (good range), orb_breakdown
2026-07-29T09:53:52 | INFO     | app.strategies.liquidity_filter | LiquidityFilter: no qualifying contracts for XLF SignalDirection.SHORT | total_candidates=40
2026-07-29T09:53:52 | INFO     | app.scanning.alpaca_confirmer | AlpacaConfirmer: no liquid contract for XLF (signal=SHORT)
2026-07-29T09:53:52 | INFO     | app.strategies.liquidity_filter | LiquidityFilter: selected IWM260729P00286000 | delta=N/A | spread_pct=0.038 | OI=7578 | vol=11585
2026-07-29T09:53:52 | INFO     | app.scanning.alpaca_confirmer | AlpacaConfirmer: confirmed IWM | IWM260729P00286000 | exp=2026-07-29 | spread=3.77% | OI=7578 | vol=11585
2026-07-29T09:53:52 | INFO     | app.strategies.liquidity_filter | LiquidityFilter: selected AAPL260729C00350000 | delta=N/A | spread_pct=0.065 | OI=2859 | vol=2911
2026-07-29T09:53:52 | INFO     | app.scanning.alpaca_confirmer | AlpacaConfirmer: confirmed AAPL | AAPL260729C00350000 | exp=2026-07-29 | spread=6.45% | OI=2859 | vol=2911
2026-07-29T09:53:52 | INFO     | app.strategies.liquidity_filter | LiquidityFilter: no qualifying contracts for SMH SignalDirection.SHORT | total_candidates=110
2026-07-29T09:53:52 | INFO     | app.scanning.alpaca_confirmer | AlpacaConfirmer: liquidity_rejected_cost_cap | symbol=SMH | option_symbol=SMH260729P00562500 | ask=45.00 | ask_x_100=4500 | max_contract_cost=995
2026-07-29T09:53:52 | INFO     | app.scanning.alpaca_confirmer | AlpacaConfirmer: no liquid contract for SMH (signal=SHORT)
2026-07-29T09:53:52 | INFO     | app.strategies.liquidity_filter | LiquidityFilter: selected SPY260729P00723000 | delta=N/A | spread_pct=0.061 | OI=5003 | vol=750
2026-07-29T09:53:52 | INFO     | app.scanning.alpaca_confirmer | AlpacaConfirmer: confirmed SPY | SPY260729P00723000 | exp=2026-07-29 | spread=6.06% | OI=5003 | vol=750
2026-07-29T09:53:52 | INFO     | app.strategies.liquidity_filter | LiquidityFilter: selected QQQ260729P00658000 | delta=N/A | spread_pct=0.014 | OI=230 | vol=1940
2026-07-29T09:53:52 | INFO     | app.scanning.alpaca_confirmer | AlpacaConfirmer: confirmed QQQ | QQQ260729P00658000 | exp=2026-07-29 | spread=1.38% | OI=230 | vol=1940
2026-07-29T09:53:52 | INFO     | session_runner | AlpacaConfirmer: 3 confirmed symbols: ['AAPL', 'IWM', 'QQQ']
2026-07-29T09:53:52 | INFO     | session_runner | Re-scan updated active symbols: ['AAPL', 'IWM', 'QQQ']
2026-07-29T09:54:22 | INFO     | session_runner | [cycle 32] 09:54:22 ET | positions=1 | entries=1
2026-07-29T09:54:52 | INFO     | session_runner | [cycle 33] 09:54:52 ET | positions=1 | entries=1
2026-07-29T09:55:23 | INFO     | session_runner | [cycle 34] 09:55:23 ET | positions=1 | entries=1
2026-07-29T09:55:23 | INFO     | session_runner | Exit triggered | AAPL260729C00345000 | reason=trailing_stop | bid=0.6500 | pnl_est=-15.00
2026-07-29T09:55:23 | INFO     | app.brokers.alpaca_broker | Placing option order | payload={'symbol': 'AAPL260729C00345000', 'qty': '3', 'side': 'sell', 'type': 'limit', 'time_in_force': 'day', 'limit_price': '0.65', 'order_class': 'simple'}
2026-07-29T09:55:23 | INFO     | app.trading.position_manager | Exit pending | AAPL260729C00345000 | order=c3ded2fb | limit=0.6500 | reason=trailing_stop | mandatory=False
2026-07-29T09:55:23 | INFO     | session_runner | Exit order placed | AAPL260729C00345000 | limit=0.6500 | order_id=c3ded2fb | reason=trailing_stop
2026-07-29T09:55:53 | INFO     | session_runner | [cycle 35] 09:55:53 ET | positions=1 | entries=1
2026-07-29T09:55:53 | INFO     | app.trading.position_manager | Partial fill | AAPL260729C00345000 | +3 @ 0.6700 | total_confirmed=3
2026-07-29T09:55:53 | INFO     | app.trading.position_manager | Loss recorded on AAPL260729C00345000 (pnl=-9.00) — cooldown active for 15 min
2026-07-29T09:55:53 | INFO     | app.trading.position_manager | Position closed (confirmed) | AAPL260729C00345000 | exit=0.6700 | pnl=-9.00
2026-07-29T09:55:53 | INFO     | app.risk.risk_manager | RiskManager: exit recorded | entries=1 exits=1 daily_pnl=-9.00
2026-07-29T09:55:53 | INFO     | app.trading.trade_journal | Journal exit 315: reason=trailing_stop pnl=-9.00 hold=548s
2026-07-29T09:55:53 | INFO     | session_runner | Closed 1 position(s) this cycle
2026-07-29T09:55:53 | INFO     | session_runner | [bridge:IWM] rsi_trend ready: sufficient bars
2026-07-29T09:55:53 | INFO     | session_runner | ORB slot reserved (non_orb_entries=2 >= 2, time=09:55 < 11:30): non-ORB signals will be skipped
2026-07-29T09:55:53 | INFO     | session_runner | Cooldown active — skipping IWM signal
2026-07-29T09:55:53 | INFO     | app.strategies.liquidity_filter | LiquidityFilter: selected IWM260729P00286000 | delta=N/A | spread_pct=0.035 | OI=7578 | vol=11708
2026-07-29T09:55:53 | INFO     | app.evaluation.shadow_book | ShadowBook: simulating orb IWM260729P00286000 @ 0.2900 (blocked: cooldown_after_loss, fill-validated at entry)
2026-07-29T09:55:53 | INFO     | app.trading.trade_journal | Journal rejection 317: IWM — cooldown_after_loss
2026-07-29T09:55:53 | INFO     | session_runner | ORB slot reserved — skipping IWM/vwap_reclaim signal
2026-07-29T09:55:54 | INFO     | app.strategies.liquidity_filter | LiquidityFilter: selected IWM260729P00286000 | delta=N/A | spread_pct=0.035 | OI=7578 | vol=11708
2026-07-29T09:56:24 | INFO     | session_runner | [cycle 36] 09:56:24 ET | positions=0 | entries=1
2026-07-29T09:56:24 | INFO     | app.evaluation.shadow_book | ShadowBook: closed orb IWM260729P00286000 @ 0.2100 → -8.00 (trailing_stop, fill-validated)
2026-07-29T09:56:24 | INFO     | session_runner | [bridge:IWM] rsi_trend ready: sufficient bars
2026-07-29T09:56:24 | INFO     | session_runner | ORB slot reserved (non_orb_entries=2 >= 2, time=09:56 < 11:30): non-ORB signals will be skipped
2026-07-29T09:56:24 | INFO     | session_runner | Cooldown active — skipping IWM signal
2026-07-29T09:56:24 | INFO     | app.strategies.liquidity_filter | LiquidityFilter: selected IWM260729P00287000 | delta=N/A | spread_pct=0.027 | OI=3866 | vol=337
2026-07-29T09:56:24 | INFO     | app.trading.trade_journal | Journal rejection 318: IWM — cooldown_after_loss
2026-07-29T09:56:24 | INFO     | session_runner | ORB slot reserved — skipping IWM/vwap_reclaim signal
2026-07-29T09:56:24 | INFO     | app.strategies.liquidity_filter | LiquidityFilter: selected IWM260729P00287000 | delta=N/A | spread_pct=0.027 | OI=3866 | vol=337
2026-07-29T09:56:54 | INFO     | session_runner | [cycle 37] 09:56:54 ET | positions=0 | entries=1
2026-07-29T09:56:55 | INFO     | session_runner | [bridge:IWM] rsi_trend ready: sufficient bars
2026-07-29T09:56:55 | INFO     | session_runner | ORB slot reserved (non_orb_entries=2 >= 2, time=09:56 < 11:30): non-ORB signals will be skipped
2026-07-29T09:56:55 | INFO     | session_runner | Cooldown active — skipping IWM signal
2026-07-29T09:56:55 | INFO     | app.strategies.liquidity_filter | LiquidityFilter: selected IWM260729P00286000 | delta=N/A | spread_pct=0.038 | OI=7578 | vol=11741
2026-07-29T09:56:55 | INFO     | app.trading.trade_journal | Journal rejection 319: IWM — cooldown_after_loss
2026-07-29T09:56:55 | INFO     | session_runner | ORB slot reserved — skipping IWM/vwap_reclaim signal
2026-07-29T09:56:55 | INFO     | app.strategies.liquidity_filter | LiquidityFilter: selected IWM260729P00286000 | delta=N/A | spread_pct=0.038 | OI=7578 | vol=11741
2026-07-29T09:57:25 | INFO     | session_runner | [cycle 38] 09:57:25 ET | positions=0 | entries=1
2026-07-29T09:57:25 | INFO     | session_runner | [bridge:IWM] rsi_trend ready: sufficient bars
2026-07-29T09:57:25 | INFO     | session_runner | ORB slot reserved (non_orb_entries=2 >= 2, time=09:57 < 11:30): non-ORB signals will be skipped
2026-07-29T09:57:25 | INFO     | session_runner | Cooldown active — skipping IWM signal
2026-07-29T09:57:26 | INFO     | app.strategies.liquidity_filter | LiquidityFilter: selected IWM260729P00287000 | delta=N/A | spread_pct=0.027 | OI=3866 | vol=352
2026-07-29T09:57:26 | INFO     | app.trading.trade_journal | Journal rejection 320: IWM — cooldown_after_loss
2026-07-29T09:57:26 | INFO     | session_runner | ORB slot reserved — skipping IWM/vwap_reclaim signal
2026-07-29T09:57:26 | INFO     | app.strategies.liquidity_filter | LiquidityFilter: selected IWM260729P00287000 | delta=N/A | spread_pct=0.027 | OI=3866 | vol=352
2026-07-29T09:57:56 | INFO     | session_runner | [cycle 39] 09:57:56 ET | positions=0 | entries=1
2026-07-29T09:57:56 | INFO     | session_runner | [bridge:IWM] rsi_trend ready: sufficient bars
2026-07-29T09:57:56 | INFO     | session_runner | ORB slot reserved (non_orb_entries=2 >= 2, time=09:57 < 11:30): non-ORB signals will be skipped
2026-07-29T09:57:56 | INFO     | session_runner | Cooldown active — skipping IWM signal
2026-07-29T09:57:56 | INFO     | app.strategies.liquidity_filter | LiquidityFilter: selected IWM260729P00286000 | delta=N/A | spread_pct=0.038 | OI=7578 | vol=12373
2026-07-29T09:57:56 | INFO     | app.trading.trade_journal | Journal rejection 321: IWM — cooldown_after_loss
2026-07-29T09:57:56 | INFO     | session_runner | ORB slot reserved — skipping IWM/vwap_reclaim signal
2026-07-29T09:57:56 | INFO     | app.strategies.liquidity_filter | LiquidityFilter: selected IWM260729P00286000 | delta=N/A | spread_pct=0.038 | OI=7578 | vol=12373
2026-07-29T09:58:26 | INFO     | session_runner | [cycle 40] 09:58:26 ET | positions=0 | entries=1
2026-07-29T09:58:27 | INFO     | session_runner | [bridge:IWM] rsi_trend ready: sufficient bars
2026-07-29T09:58:27 | INFO     | session_runner | ORB slot reserved (non_orb_entries=2 >= 2, time=09:58 < 11:30): non-ORB signals will be skipped
2026-07-29T09:58:27 | INFO     | session_runner | Cooldown active — skipping IWM signal
2026-07-29T09:58:27 | INFO     | app.strategies.liquidity_filter | LiquidityFilter: selected IWM260729P00286000 | delta=N/A | spread_pct=0.039 | OI=7578 | vol=12427
2026-07-29T09:58:27 | INFO     | app.trading.trade_journal | Journal rejection 322: IWM — cooldown_after_loss
2026-07-29T09:58:27 | INFO     | session_runner | ORB slot reserved — skipping IWM/vwap_reclaim signal
2026-07-29T09:58:27 | INFO     | app.strategies.liquidity_filter | LiquidityFilter: selected IWM260729P00286000 | delta=N/A | spread_pct=0.039 | OI=7578 | vol=12427
2026-07-29T09:58:57 | INFO     | session_runner | [cycle 41] 09:58:57 ET | positions=0 | entries=1
2026-07-29T09:58:57 | INFO     | app.trading.reconciler | Reconciliation done: broker_pos=0 local_pos=0 broker_orders=0 local_pending=0 repaired=0 flagged=0 orders_confirmed=True positions_confirmed=True
2026-07-29T09:58:57 | INFO     | session_runner | Periodic universe re-scan …
2026-07-29T09:58:57 | INFO     | app.scanning.universe_loader | UniverseLoader: loaded 5 groups (13 flat symbols) from /root/trader/config/ticker_universe.yaml (blacklist=0)
2026-07-29T09:58:57 | INFO     | app.scanning.universe_loader | UniverseLoader: 10 symbols from 2 group(s) (blacklist=0)
2026-07-29T09:58:57 | INFO     | session_runner | Universe scan: 10 symbols from 2 group(s) | max_active=3
2026-07-29T09:58:58 | INFO     | session_runner | Scan: 8 passed, 2 rejected
2026-07-29T09:58:58 | INFO     | session_runner |   IWM     score=80.0  signal=SHORT    reasons: rvol=3.17x (high), atr=1.23% (good range), orb_breakdown
2026-07-29T09:58:58 | INFO     | session_runner |   QQQ     score=75.0  signal=SHORT    reasons: rvol=1.66x (elevated), atr=1.94% (wide-range), orb_breakdown
2026-07-29T09:58:58 | INFO     | session_runner |   AAPL    score=75.0  signal=LONG     reasons: rvol=1.88x (elevated), atr=2.18% (wide-range), orb_breakout
2026-07-29T09:58:58 | INFO     | session_runner |   XLF     score=73.0  signal=SHORT    reasons: rvol=2.23x (high), atr=1.14% (good range), orb_breakdown
2026-07-29T09:58:58 | INFO     | session_runner |   XLE     score=65.0  signal=LONG     reasons: rvol=3.52x (high), atr=2.09% (wide-range), trend_up
2026-07-29T09:58:59 | INFO     | app.strategies.liquidity_filter | LiquidityFilter: selected XLE260731C00059500 | delta=0.378 | spread_pct=0.045 | OI=2539 | vol=166
2026-07-29T09:58:59 | INFO     | app.scanning.alpaca_confirmer | AlpacaConfirmer: confirmed XLE | XLE260731C00059500 | exp=2026-07-31 | spread=4.55% | OI=2539 | vol=166
2026-07-29T09:58:59 | INFO     | app.strategies.liquidity_filter | LiquidityFilter: no qualifying contracts for XLF SignalDirection.SHORT | total_candidates=40
2026-07-29T09:58:59 | INFO     | app.scanning.alpaca_confirmer | AlpacaConfirmer: no liquid contract for XLF (signal=SHORT)
2026-07-29T09:58:59 | INFO     | app.strategies.liquidity_filter | LiquidityFilter: selected IWM260729P00286000 | delta=N/A | spread_pct=0.049 | OI=7578 | vol=12427
2026-07-29T09:58:59 | INFO     | app.scanning.alpaca_confirmer | AlpacaConfirmer: confirmed IWM | IWM260729P00286000 | exp=2026-07-29 | spread=4.88% | OI=7578 | vol=12427
2026-07-29T09:58:59 | INFO     | app.strategies.liquidity_filter | LiquidityFilter: selected AAPL260729C00350000 | delta=N/A | spread_pct=0.074 | OI=2859 | vol=4926
2026-07-29T09:58:59 | INFO     | app.scanning.alpaca_confirmer | AlpacaConfirmer: confirmed AAPL | AAPL260729C00350000 | exp=2026-07-29 | spread=7.41% | OI=2859 | vol=4926
2026-07-29T09:58:59 | INFO     | app.strategies.liquidity_filter | LiquidityFilter: no qualifying contracts for SMH SignalDirection.SHORT | total_candidates=110
2026-07-29T09:58:59 | INFO     | app.scanning.alpaca_confirmer | AlpacaConfirmer: liquidity_rejected_cost_cap | symbol=SMH | option_symbol=SMH260729P00530000 | ask=14.17 | ask_x_100=1417 | max_contract_cost=995
2026-07-29T09:58:59 | INFO     | app.scanning.alpaca_confirmer | AlpacaConfirmer: liquidity_rejected_cost_cap | symbol=SMH | option_symbol=SMH260729P00562500 | ask=46.22 | ask_x_100=4622 | max_contract_cost=995
2026-07-29T09:58:59 | INFO     | app.scanning.alpaca_confirmer | AlpacaConfirmer: no liquid contract for SMH (signal=SHORT)
2026-07-29T09:58:59 | INFO     | app.strategies.liquidity_filter | LiquidityFilter: selected QQQ260729P00657000 | delta=N/A | spread_pct=0.015 | OI=275 | vol=1830
2026-07-29T09:58:59 | INFO     | app.scanning.alpaca_confirmer | AlpacaConfirmer: confirmed QQQ | QQQ260729P00657000 | exp=2026-07-29 | spread=1.53% | OI=275 | vol=1830
2026-07-29T09:58:59 | INFO     | session_runner | AlpacaConfirmer: 3 confirmed symbols: ['IWM', 'QQQ', 'AAPL']
2026-07-29T09:58:59 | INFO     | session_runner | Re-scan updated active symbols: ['IWM', 'QQQ', 'AAPL']
2026-07-29T09:58:59 | INFO     | session_runner | [bridge:IWM] rsi_trend ready: sufficient bars
2026-07-29T09:58:59 | INFO     | session_runner | ORB slot reserved (non_orb_entries=2 >= 2, time=09:58 < 11:30): non-ORB signals will be skipped
2026-07-29T09:58:59 | INFO     | session_runner | Cooldown active — skipping IWM signal
2026-07-29T09:58:59 | INFO     | app.strategies.liquidity_filter | LiquidityFilter: selected IWM260729P00286000 | delta=N/A | spread_pct=0.049 | OI=7578 | vol=12427
2026-07-29T09:58:59 | INFO     | app.trading.trade_journal | Journal rejection 323: IWM — cooldown_after_loss
2026-07-29T09:58:59 | INFO     | session_runner | ORB slot reserved — skipping IWM/vwap_reclaim signal
2026-07-29T09:58:59 | INFO     | app.strategies.liquidity_filter | LiquidityFilter: selected IWM260729P00286000 | delta=N/A | spread_pct=0.049 | OI=7578 | vol=12427
2026-07-29T09:59:29 | INFO     | session_runner | [cycle 42] 09:59:29 ET | positions=0 | entries=1
2026-07-29T09:59:30 | INFO     | session_runner | [bridge:IWM] rsi_trend ready: sufficient bars
2026-07-29T09:59:30 | INFO     | session_runner | ORB slot reserved (non_orb_entries=2 >= 2, time=09:59 < 11:30): non-ORB signals will be skipped
2026-07-29T09:59:30 | INFO     | session_runner | Cooldown active — skipping IWM signal
2026-07-29T09:59:30 | INFO     | app.strategies.liquidity_filter | LiquidityFilter: selected IWM260729P00286000 | delta=N/A | spread_pct=0.041 | OI=7578 | vol=12464
2026-07-29T09:59:30 | INFO     | app.trading.trade_journal | Journal rejection 324: IWM — cooldown_after_loss
2026-07-29T09:59:30 | INFO     | session_runner | ORB slot reserved — skipping IWM/vwap_reclaim signal
2026-07-29T09:59:30 | INFO     | app.strategies.liquidity_filter | LiquidityFilter: selected IWM260729P00286000 | delta=N/A | spread_pct=0.041 | OI=7578 | vol=12464
2026-07-29T10:00:00 | INFO     | session_runner | [cycle 43] 10:00:00 ET | positions=0 | entries=1
2026-07-29T10:00:00 | INFO     | session_runner | [bridge:IWM] rsi_trend ready: sufficient bars
2026-07-29T10:00:00 | INFO     | session_runner | ORB slot reserved (non_orb_entries=2 >= 2, time=10:00 < 11:30): non-ORB signals will be skipped
2026-07-29T10:00:00 | INFO     | session_runner | Cooldown active — skipping IWM signal
2026-07-29T10:00:01 | INFO     | app.strategies.liquidity_filter | LiquidityFilter: selected IWM260729P00285000 | delta=N/A | spread_pct=0.061 | OI=534 | vol=252
2026-07-29T10:00:01 | INFO     | app.trading.trade_journal | Journal rejection 325: IWM — cooldown_after_loss
2026-07-29T10:00:01 | INFO     | session_runner | ORB slot reserved — skipping IWM/vwap_reclaim signal
2026-07-29T10:00:01 | INFO     | app.strategies.liquidity_filter | LiquidityFilter: selected IWM260729P00287000 | delta=N/A | spread_pct=0.029 | OI=3866 | vol=401
2026-07-29T10:00:32 | INFO     | session_runner | [cycle 44] 10:00:32 ET | positions=0 | entries=1
2026-07-29T10:00:32 | INFO     | session_runner | [bridge:IWM] rsi_trend ready: sufficient bars
2026-07-29T10:00:32 | INFO     | session_runner | ORB slot reserved (non_orb_entries=2 >= 2, time=10:00 < 11:30): non-ORB signals will be skipped
2026-07-29T10:00:32 | INFO     | session_runner | Cooldown active — skipping IWM signal
2026-07-29T10:00:33 | INFO     | app.strategies.liquidity_filter | LiquidityFilter: selected IWM260729P00286000 | delta=N/A | spread_pct=0.043 | OI=7578 | vol=12504
2026-07-29T10:00:33 | INFO     | app.trading.trade_journal | Journal rejection 326: IWM — cooldown_after_loss
2026-07-29T10:00:33 | INFO     | session_runner | ORB slot reserved — skipping IWM/vwap_reclaim signal
2026-07-29T10:00:33 | INFO     | app.strategies.liquidity_filter | LiquidityFilter: selected IWM260729P00286000 | delta=N/A | spread_pct=0.043 | OI=7578 | vol=12504
2026-07-29T10:01:03 | INFO     | session_runner | [cycle 45] 10:01:03 ET | positions=0 | entries=1
2026-07-29T10:01:04 | INFO     | session_runner | [bridge:IWM] rsi_trend ready: sufficient bars
2026-07-29T10:01:04 | INFO     | session_runner | ORB slot reserved (non_orb_entries=2 >= 2, time=10:01 < 11:30): non-ORB signals will be skipped
2026-07-29T10:01:04 | INFO     | session_runner | Cooldown active — skipping IWM signal
2026-07-29T10:01:05 | INFO     | app.strategies.liquidity_filter | LiquidityFilter: selected IWM260729P00287000 | delta=N/A | spread_pct=0.030 | OI=3866 | vol=456
2026-07-29T10:01:05 | INFO     | app.trading.trade_journal | Journal rejection 327: IWM — cooldown_after_loss
2026-07-29T10:01:05 | INFO     | session_runner | ORB slot reserved — skipping IWM/vwap_reclaim signal
2026-07-29T10:01:05 | INFO     | app.strategies.liquidity_filter | LiquidityFilter: selected IWM260729P00287000 | delta=N/A | spread_pct=0.034 | OI=3866 | vol=456
2026-07-29T10:01:35 | INFO     | session_runner | [cycle 46] 10:01:35 ET | positions=0 | entries=1
2026-07-29T10:01:36 | INFO     | session_runner | [bridge:IWM] rsi_trend ready: sufficient bars
2026-07-29T10:01:36 | INFO     | session_runner | ORB slot reserved (non_orb_entries=2 >= 2, time=10:01 < 11:30): non-ORB signals will be skipped
2026-07-29T10:01:36 | INFO     | session_runner | Cooldown active — skipping IWM signal
2026-07-29T10:01:36 | INFO     | app.strategies.liquidity_filter | LiquidityFilter: selected IWM260729P00286000 | delta=N/A | spread_pct=0.041 | OI=7578 | vol=12540
2026-07-29T10:01:36 | INFO     | app.trading.trade_journal | Journal rejection 328: IWM — cooldown_after_loss
2026-07-29T10:01:36 | INFO     | session_runner | ORB slot reserved — skipping IWM/vwap_reclaim signal
2026-07-29T10:01:36 | INFO     | app.strategies.liquidity_filter | LiquidityFilter: selected IWM260729P00286000 | delta=N/A | spread_pct=0.041 | OI=7578 | vol=12540
2026-07-29T10:02:06 | INFO     | session_runner | [cycle 47] 10:02:06 ET | positions=0 | entries=1
2026-07-29T10:02:07 | INFO     | session_runner | [bridge:IWM] rsi_trend ready: sufficient bars
2026-07-29T10:02:07 | INFO     | session_runner | ORB slot reserved (non_orb_entries=2 >= 2, time=10:02 < 11:30): non-ORB signals will be skipped
2026-07-29T10:02:07 | INFO     | session_runner | Cooldown active — skipping IWM signal
2026-07-29T10:02:08 | INFO     | app.strategies.liquidity_filter | LiquidityFilter: selected IWM260729P00286000 | delta=N/A | spread_pct=0.041 | OI=7578 | vol=12573
2026-07-29T10:02:08 | INFO     | app.trading.trade_journal | Journal rejection 329: IWM — cooldown_after_loss
2026-07-29T10:02:08 | INFO     | session_runner | ORB slot reserved — skipping IWM/vwap_reclaim signal
2026-07-29T10:02:08 | INFO     | app.strategies.liquidity_filter | LiquidityFilter: selected IWM260729P00287000 | delta=N/A | spread_pct=0.028 | OI=3866 | vol=513
2026-07-29T10:02:38 | INFO     | session_runner | [cycle 48] 10:02:38 ET | positions=0 | entries=1
2026-07-29T10:02:39 | INFO     | session_runner | [bridge:IWM] rsi_trend ready: sufficient bars
2026-07-29T10:02:39 | INFO     | session_runner | ORB slot reserved (non_orb_entries=2 >= 2, time=10:02 < 11:30): non-ORB signals will be skipped
2026-07-29T10:02:39 | INFO     | session_runner | Cooldown active — skipping IWM signal
2026-07-29T10:02:39 | INFO     | app.strategies.liquidity_filter | LiquidityFilter: selected IWM260729P00287000 | delta=N/A | spread_pct=0.031 | OI=3866 | vol=513
2026-07-29T10:02:39 | INFO     | app.trading.trade_journal | Journal rejection 330: IWM — cooldown_after_loss
2026-07-29T10:02:39 | INFO     | session_runner | ORB slot reserved — skipping IWM/vwap_reclaim signal
2026-07-29T10:02:39 | INFO     | app.strategies.liquidity_filter | LiquidityFilter: selected IWM260729P00287000 | delta=N/A | spread_pct=0.031 | OI=3866 | vol=513
2026-07-29T10:03:09 | INFO     | session_runner | [cycle 49] 10:03:09 ET | positions=0 | entries=1
2026-07-29T10:03:10 | INFO     | session_runner | [bridge:IWM] rsi_trend ready: sufficient bars
2026-07-29T10:03:10 | INFO     | session_runner | ORB slot reserved (non_orb_entries=2 >= 2, time=10:03 < 11:30): non-ORB signals will be skipped
2026-07-29T10:03:10 | INFO     | session_runner | Cooldown active — skipping IWM signal
2026-07-29T10:03:11 | INFO     | app.strategies.liquidity_filter | LiquidityFilter: selected IWM260729P00288000 | delta=N/A | spread_pct=0.024 | OI=1011 | vol=1049
2026-07-29T10:03:11 | INFO     | app.trading.trade_journal | Journal rejection 331: IWM — cooldown_after_loss
2026-07-29T10:03:11 | INFO     | session_runner | ORB slot reserved — skipping IWM/vwap_reclaim signal
2026-07-29T10:03:11 | INFO     | app.strategies.liquidity_filter | LiquidityFilter: selected IWM260729P00288000 | delta=N/A | spread_pct=0.024 | OI=1011 | vol=1049
2026-07-29T10:03:41 | INFO     | session_runner | [cycle 50] 10:03:41 ET | positions=0 | entries=1
2026-07-29T10:03:42 | INFO     | session_runner | [bridge:IWM] rsi_trend ready: sufficient bars
2026-07-29T10:03:42 | INFO     | session_runner | ORB slot reserved (non_orb_entries=2 >= 2, time=10:03 < 11:30): non-ORB signals will be skipped
2026-07-29T10:03:42 | INFO     | session_runner | Cooldown active — skipping IWM signal
2026-07-29T10:03:42 | INFO     | app.strategies.liquidity_filter | LiquidityFilter: selected IWM260729P00287000 | delta=N/A | spread_pct=0.038 | OI=3866 | vol=574
2026-07-29T10:03:42 | INFO     | app.trading.trade_journal | Journal rejection 332: IWM — cooldown_after_loss
2026-07-29T10:03:42 | INFO     | session_runner | ORB slot reserved — skipping IWM/vwap_reclaim signal
2026-07-29T10:03:42 | INFO     | app.strategies.liquidity_filter | LiquidityFilter: selected IWM260729P00287000 | delta=N/A | spread_pct=0.038 | OI=3866 | vol=574
2026-07-29T10:04:12 | INFO     | session_runner | [cycle 51] 10:04:12 ET | positions=0 | entries=1
2026-07-29T10:04:12 | INFO     | session_runner | Periodic universe re-scan …
2026-07-29T10:04:12 | INFO     | app.scanning.universe_loader | UniverseLoader: loaded 5 groups (13 flat symbols) from /root/trader/config/ticker_universe.yaml (blacklist=0)
2026-07-29T10:04:12 | INFO     | app.scanning.universe_loader | UniverseLoader: 10 symbols from 2 group(s) (blacklist=0)
2026-07-29T10:04:12 | INFO     | session_runner | Universe scan: 10 symbols from 2 group(s) | max_active=3
2026-07-29T10:04:14 | INFO     | session_runner | Scan: 8 passed, 2 rejected
2026-07-29T10:04:14 | INFO     | session_runner |   QQQ     score=75.0  signal=SHORT    reasons: rvol=1.53x (elevated), atr=1.93% (wide-range), orb_breakdown
2026-07-29T10:04:14 | INFO     | session_runner |   AAPL    score=75.0  signal=LONG     reasons: rvol=1.90x (elevated), atr=2.17% (wide-range), orb_breakout
2026-07-29T10:04:14 | INFO     | session_runner |   XLF     score=73.0  signal=SHORT    reasons: rvol=2.75x (high), atr=1.18% (good range), orb_breakdown
2026-07-29T10:04:14 | INFO     | session_runner |   IWM     score=70.0  signal=SHORT    reasons: rvol=3.52x (high), atr=1.23% (good range), orb_breakdown
2026-07-29T10:04:14 | INFO     | session_runner |   XLE     score=65.0  signal=LONG     reasons: rvol=3.52x (high), atr=2.09% (wide-range), trend_up
2026-07-29T10:04:15 | INFO     | app.strategies.liquidity_filter | LiquidityFilter: selected XLE260731C00059500 | delta=0.384 | spread_pct=0.045 | OI=2539 | vol=172
2026-07-29T10:04:15 | INFO     | app.scanning.alpaca_confirmer | AlpacaConfirmer: confirmed XLE | XLE260731C00059500 | exp=2026-07-31 | spread=4.55% | OI=2539 | vol=172
2026-07-29T10:04:15 | INFO     | app.strategies.liquidity_filter | LiquidityFilter: no qualifying contracts for XLF SignalDirection.SHORT | total_candidates=40
2026-07-29T10:04:15 | INFO     | app.scanning.alpaca_confirmer | AlpacaConfirmer: no liquid contract for XLF (signal=SHORT)
2026-07-29T10:04:15 | INFO     | app.strategies.liquidity_filter | LiquidityFilter: selected AAPL260729C00347500 | delta=N/A | spread_pct=0.057 | OI=2370 | vol=11079
2026-07-29T10:04:15 | INFO     | app.scanning.alpaca_confirmer | AlpacaConfirmer: confirmed AAPL | AAPL260729C00347500 | exp=2026-07-29 | spread=5.71% | OI=2370 | vol=11079
2026-07-29T10:04:15 | INFO     | app.strategies.liquidity_filter | LiquidityFilter: selected IWM260729P00287000 | delta=N/A | spread_pct=0.032 | OI=3866 | vol=586
2026-07-29T10:04:15 | INFO     | app.scanning.alpaca_confirmer | AlpacaConfirmer: confirmed IWM | IWM260729P00287000 | exp=2026-07-29 | spread=3.17% | OI=3866 | vol=586
2026-07-29T10:04:15 | INFO     | app.strategies.liquidity_filter | LiquidityFilter: no qualifying contracts for SMH SignalDirection.SHORT | total_candidates=110
2026-07-29T10:04:15 | INFO     | app.scanning.alpaca_confirmer | AlpacaConfirmer: no liquid contract for SMH (signal=SHORT)
2026-07-29T10:04:15 | INFO     | app.strategies.liquidity_filter | LiquidityFilter: selected QQQ260729P00659000 | delta=N/A | spread_pct=0.014 | OI=221 | vol=2808
2026-07-29T10:04:15 | INFO     | app.scanning.alpaca_confirmer | AlpacaConfirmer: confirmed QQQ | QQQ260729P00659000 | exp=2026-07-29 | spread=1.36% | OI=221 | vol=2808
2026-07-29T10:04:15 | INFO     | session_runner | AlpacaConfirmer: 3 confirmed symbols: ['QQQ', 'AAPL', 'IWM']
2026-07-29T10:04:15 | INFO     | session_runner | Re-scan updated active symbols: ['QQQ', 'AAPL', 'IWM']
2026-07-29T10:04:15 | INFO     | session_runner | [bridge:IWM] rsi_trend ready: sufficient bars
2026-07-29T10:04:15 | INFO     | session_runner | ORB slot reserved (non_orb_entries=2 >= 2, time=10:04 < 11:30): non-ORB signals will be skipped
2026-07-29T10:04:15 | INFO     | session_runner | Cooldown active — skipping IWM signal
2026-07-29T10:04:15 | INFO     | app.strategies.liquidity_filter | LiquidityFilter: selected IWM260729P00287000 | delta=N/A | spread_pct=0.036 | OI=3866 | vol=586
2026-07-29T10:04:15 | INFO     | app.trading.trade_journal | Journal rejection 333: IWM — cooldown_after_loss
2026-07-29T10:04:16 | INFO     | session_runner | ORB slot reserved — skipping IWM/vwap_reclaim signal
2026-07-29T10:04:16 | INFO     | app.strategies.liquidity_filter | LiquidityFilter: selected IWM260729P00287000 | delta=N/A | spread_pct=0.036 | OI=3866 | vol=586
2026-07-29T10:04:46 | INFO     | session_runner | [cycle 52] 10:04:46 ET | positions=0 | entries=1
2026-07-29T10:04:46 | INFO     | session_runner | [bridge:IWM] rsi_trend ready: sufficient bars
2026-07-29T10:04:46 | INFO     | session_runner | ORB slot reserved (non_orb_entries=2 >= 2, time=10:04 < 11:30): non-ORB signals will be skipped
2026-07-29T10:04:46 | INFO     | session_runner | Cooldown active — skipping IWM signal
2026-07-29T10:04:46 | INFO     | app.strategies.liquidity_filter | LiquidityFilter: selected IWM260729P00287000 | delta=N/A | spread_pct=0.039 | OI=3866 | vol=586
2026-07-29T10:04:46 | INFO     | app.trading.trade_journal | Journal rejection 334: IWM — cooldown_after_loss
2026-07-29T10:04:47 | INFO     | session_runner | ORB slot reserved — skipping IWM/vwap_reclaim signal
2026-07-29T10:04:47 | INFO     | app.strategies.liquidity_filter | LiquidityFilter: selected IWM260729P00287000 | delta=N/A | spread_pct=0.039 | OI=3866 | vol=586
2026-07-29T10:05:17 | INFO     | session_runner | [cycle 53] 10:05:17 ET | positions=0 | entries=1
2026-07-29T10:05:17 | INFO     | session_runner | [bridge:IWM] rsi_trend ready: sufficient bars
2026-07-29T10:05:17 | INFO     | session_runner | ORB slot reserved (non_orb_entries=2 >= 2, time=10:05 < 11:30): non-ORB signals will be skipped
2026-07-29T10:05:17 | INFO     | session_runner | Cooldown active — skipping IWM signal
2026-07-29T10:05:18 | INFO     | app.strategies.liquidity_filter | LiquidityFilter: selected IWM260729P00288000 | delta=N/A | spread_pct=0.027 | OI=1011 | vol=1367
2026-07-29T10:05:18 | INFO     | app.trading.trade_journal | Journal rejection 335: IWM — cooldown_after_loss
2026-07-29T10:05:18 | INFO     | session_runner | ORB slot reserved — skipping IWM/vwap_reclaim signal
2026-07-29T10:05:18 | INFO     | app.strategies.liquidity_filter | LiquidityFilter: selected IWM260729P00288000 | delta=N/A | spread_pct=0.027 | OI=1011 | vol=1367
2026-07-29T10:05:48 | INFO     | session_runner | [cycle 54] 10:05:48 ET | positions=0 | entries=1
2026-07-29T10:05:49 | INFO     | session_runner | [bridge:IWM] rsi_trend ready: sufficient bars
2026-07-29T10:05:49 | INFO     | session_runner | ORB slot reserved (non_orb_entries=2 >= 2, time=10:05 < 11:30): non-ORB signals will be skipped
2026-07-29T10:05:49 | INFO     | session_runner | Cooldown active — skipping IWM signal
2026-07-29T10:05:49 | INFO     | app.strategies.liquidity_filter | LiquidityFilter: selected IWM260729P00287000 | delta=N/A | spread_pct=0.036 | OI=3866 | vol=691
2026-07-29T10:05:49 | INFO     | app.trading.trade_journal | Journal rejection 336: IWM — cooldown_after_loss
2026-07-29T10:05:49 | INFO     | session_runner | ORB slot reserved — skipping IWM/vwap_reclaim signal
2026-07-29T10:05:49 | INFO     | app.strategies.liquidity_filter | LiquidityFilter: selected IWM260729P00287000 | delta=N/A | spread_pct=0.036 | OI=3866 | vol=691
2026-07-29T10:06:19 | INFO     | session_runner | [cycle 55] 10:06:19 ET | positions=0 | entries=1
2026-07-29T10:06:19 | INFO     | session_runner | [bridge:IWM] rsi_trend ready: sufficient bars
2026-07-29T10:06:19 | INFO     | session_runner | ORB slot reserved (non_orb_entries=2 >= 2, time=10:06 < 11:30): non-ORB signals will be skipped
2026-07-29T10:06:19 | INFO     | session_runner | Cooldown active — skipping IWM signal
2026-07-29T10:06:20 | INFO     | app.strategies.liquidity_filter | LiquidityFilter: selected IWM260729P00287000 | delta=N/A | spread_pct=0.041 | OI=3866 | vol=799
2026-07-29T10:06:20 | INFO     | app.trading.trade_journal | Journal rejection 337: IWM — cooldown_after_loss
2026-07-29T10:06:20 | INFO     | session_runner | ORB slot reserved — skipping IWM/vwap_reclaim signal
2026-07-29T10:06:20 | INFO     | app.strategies.liquidity_filter | LiquidityFilter: selected IWM260729P00287000 | delta=N/A | spread_pct=0.041 | OI=3866 | vol=799
2026-07-29T10:06:50 | INFO     | session_runner | [cycle 56] 10:06:50 ET | positions=0 | entries=1
2026-07-29T10:06:50 | INFO     | session_runner | [bridge:IWM] rsi_trend ready: sufficient bars
2026-07-29T10:06:50 | INFO     | session_runner | ORB slot reserved (non_orb_entries=2 >= 2, time=10:06 < 11:30): non-ORB signals will be skipped
2026-07-29T10:06:50 | INFO     | session_runner | Cooldown active — skipping IWM signal
2026-07-29T10:06:51 | INFO     | app.strategies.liquidity_filter | LiquidityFilter: selected IWM260729P00287000 | delta=N/A | spread_pct=0.032 | OI=3866 | vol=799
2026-07-29T10:06:51 | INFO     | app.trading.trade_journal | Journal rejection 338: IWM — cooldown_after_loss
2026-07-29T10:06:51 | INFO     | session_runner | ORB slot reserved — skipping IWM/vwap_reclaim signal
2026-07-29T10:06:51 | INFO     | app.strategies.liquidity_filter | LiquidityFilter: selected IWM260729P00287000 | delta=N/A | spread_pct=0.032 | OI=3866 | vol=799
2026-07-29T10:07:21 | INFO     | session_runner | [cycle 57] 10:07:21 ET | positions=0 | entries=1
2026-07-29T10:07:21 | INFO     | session_runner | [bridge:IWM] rsi_trend ready: sufficient bars
2026-07-29T10:07:21 | INFO     | session_runner | ORB slot reserved (non_orb_entries=2 >= 2, time=10:07 < 11:30): non-ORB signals will be skipped
2026-07-29T10:07:21 | INFO     | session_runner | Cooldown active — skipping IWM signal
2026-07-29T10:07:21 | INFO     | app.strategies.liquidity_filter | LiquidityFilter: selected IWM260729P00287000 | delta=N/A | spread_pct=0.031 | OI=3866 | vol=1131
2026-07-29T10:07:21 | INFO     | app.trading.trade_journal | Journal rejection 339: IWM — cooldown_after_loss
2026-07-29T10:07:21 | INFO     | session_runner | ORB slot reserved — skipping IWM/vwap_reclaim signal
2026-07-29T10:07:22 | INFO     | app.strategies.liquidity_filter | LiquidityFilter: selected IWM260729P00286000 | delta=N/A | spread_pct=0.057 | OI=7578 | vol=13636
2026-07-29T10:07:52 | INFO     | session_runner | [cycle 58] 10:07:52 ET | positions=0 | entries=1
2026-07-29T10:07:52 | INFO     | session_runner | [bridge:IWM] rsi_trend ready: sufficient bars
2026-07-29T10:07:52 | INFO     | session_runner | ORB slot reserved (non_orb_entries=2 >= 2, time=10:07 < 11:30): non-ORB signals will be skipped
2026-07-29T10:07:52 | INFO     | session_runner | Cooldown active — skipping IWM signal
2026-07-29T10:07:52 | INFO     | app.strategies.liquidity_filter | LiquidityFilter: selected IWM260729P00286000 | delta=N/A | spread_pct=0.039 | OI=7578 | vol=13636
2026-07-29T10:07:52 | INFO     | app.trading.trade_journal | Journal rejection 340: IWM — cooldown_after_loss
2026-07-29T10:07:52 | INFO     | session_runner | ORB slot reserved — skipping IWM/vwap_reclaim signal
2026-07-29T10:07:52 | INFO     | app.strategies.liquidity_filter | LiquidityFilter: selected IWM260729P00286000 | delta=N/A | spread_pct=0.039 | OI=7578 | vol=13636
2026-07-29T10:08:22 | INFO     | session_runner | [cycle 59] 10:08:22 ET | positions=0 | entries=1
2026-07-29T10:08:23 | INFO     | session_runner | [bridge:IWM] rsi_trend ready: sufficient bars
2026-07-29T10:08:23 | INFO     | session_runner | ORB slot reserved (non_orb_entries=2 >= 2, time=10:08 < 11:30): non-ORB signals will be skipped
2026-07-29T10:08:23 | INFO     | session_runner | Cooldown active — skipping IWM signal
2026-07-29T10:08:23 | INFO     | app.strategies.liquidity_filter | LiquidityFilter: selected IWM260729P00286000 | delta=N/A | spread_pct=0.038 | OI=7578 | vol=14558
2026-07-29T10:08:23 | INFO     | app.trading.trade_journal | Journal rejection 341: IWM — cooldown_after_loss
2026-07-29T10:08:23 | INFO     | session_runner | ORB slot reserved — skipping IWM/vwap_reclaim signal
2026-07-29T10:08:23 | INFO     | app.strategies.liquidity_filter | LiquidityFilter: selected IWM260729P00286000 | delta=N/A | spread_pct=0.038 | OI=7578 | vol=14558
2026-07-29T10:08:53 | INFO     | session_runner | [cycle 60] 10:08:53 ET | positions=0 | entries=1
2026-07-29T10:08:53 | INFO     | session_runner | [bridge:IWM] rsi_trend ready: sufficient bars
2026-07-29T10:08:53 | INFO     | session_runner | ORB slot reserved (non_orb_entries=2 >= 2, time=10:08 < 11:30): non-ORB signals will be skipped
2026-07-29T10:08:53 | INFO     | session_runner | Cooldown active — skipping IWM signal
2026-07-29T10:08:53 | INFO     | app.strategies.liquidity_filter | LiquidityFilter: selected IWM260729P00287000 | delta=N/A | spread_pct=0.025 | OI=3866 | vol=1477
2026-07-29T10:08:53 | INFO     | app.trading.trade_journal | Journal rejection 342: IWM — cooldown_after_loss
2026-07-29T10:08:53 | INFO     | session_runner | ORB slot reserved — skipping IWM/vwap_reclaim signal
2026-07-29T10:08:54 | INFO     | app.strategies.liquidity_filter | LiquidityFilter: selected IWM260729P00287000 | delta=N/A | spread_pct=0.025 | OI=3866 | vol=1477
2026-07-29T10:09:24 | INFO     | session_runner | [cycle 61] 10:09:24 ET | positions=0 | entries=1
2026-07-29T10:09:24 | INFO     | app.trading.reconciler | Reconciliation done: broker_pos=0 local_pos=0 broker_orders=0 local_pending=0 repaired=0 flagged=0 orders_confirmed=True positions_confirmed=True
2026-07-29T10:09:24 | INFO     | session_runner | Periodic universe re-scan …
2026-07-29T10:09:24 | INFO     | app.scanning.universe_loader | UniverseLoader: loaded 5 groups (13 flat symbols) from /root/trader/config/ticker_universe.yaml (blacklist=0)
2026-07-29T10:09:24 | INFO     | app.scanning.universe_loader | UniverseLoader: 10 symbols from 2 group(s) (blacklist=0)
2026-07-29T10:09:24 | INFO     | session_runner | Universe scan: 10 symbols from 2 group(s) | max_active=3
2026-07-29T10:09:25 | INFO     | session_runner | Scan: 8 passed, 2 rejected
2026-07-29T10:09:25 | INFO     | session_runner |   IWM     score=80.0  signal=SHORT    reasons: rvol=3.34x (high), atr=1.23% (good range), orb_breakdown
2026-07-29T10:09:25 | INFO     | session_runner |   AAPL    score=75.0  signal=LONG     reasons: rvol=1.86x (elevated), atr=2.18% (wide-range), orb_breakout
2026-07-29T10:09:25 | INFO     | session_runner |   XLF     score=73.0  signal=SHORT    reasons: rvol=2.66x (high), atr=1.17% (good range), orb_breakdown
2026-07-29T10:09:25 | INFO     | session_runner |   QQQ     score=65.0  signal=SHORT    reasons: rvol=1.44x (normal), atr=1.93% (wide-range), orb_breakdown
2026-07-29T10:09:25 | INFO     | session_runner |   XLE     score=65.0  signal=LONG     reasons: rvol=3.47x (high), atr=2.09% (wide-range), trend_up
2026-07-29T10:09:26 | INFO     | app.strategies.liquidity_filter | LiquidityFilter: selected IWM260729P00286000 | delta=N/A | spread_pct=0.038 | OI=7578 | vol=14750
2026-07-29T10:09:26 | INFO     | app.scanning.alpaca_confirmer | AlpacaConfirmer: confirmed IWM | IWM260729P00286000 | exp=2026-07-29 | spread=3.77% | OI=7578 | vol=14750
2026-07-29T10:09:26 | INFO     | app.strategies.liquidity_filter | LiquidityFilter: no qualifying contracts for XLF SignalDirection.SHORT | total_candidates=40
2026-07-29T10:09:26 | INFO     | app.scanning.alpaca_confirmer | AlpacaConfirmer: no liquid contract for XLF (signal=SHORT)
2026-07-29T10:09:26 | INFO     | app.strategies.liquidity_filter | LiquidityFilter: selected XLE260731C00059500 | delta=0.375 | spread_pct=0.089 | OI=2539 | vol=173
2026-07-29T10:09:26 | INFO     | app.scanning.alpaca_confirmer | AlpacaConfirmer: confirmed XLE | XLE260731C00059500 | exp=2026-07-31 | spread=8.89% | OI=2539 | vol=173
2026-07-29T10:09:26 | INFO     | app.strategies.liquidity_filter | LiquidityFilter: selected AAPL260729C00347500 | delta=N/A | spread_pct=0.047 | OI=2370 | vol=16494
2026-07-29T10:09:26 | INFO     | app.scanning.alpaca_confirmer | AlpacaConfirmer: confirmed AAPL | AAPL260729C00347500 | exp=2026-07-29 | spread=4.65% | OI=2370 | vol=16494
2026-07-29T10:09:26 | INFO     | app.strategies.liquidity_filter | LiquidityFilter: no qualifying contracts for SMH SignalDirection.SHORT | total_candidates=110
2026-07-29T10:09:26 | INFO     | app.scanning.alpaca_confirmer | AlpacaConfirmer: no liquid contract for SMH (signal=SHORT)
2026-07-29T10:09:26 | INFO     | app.strategies.liquidity_filter | LiquidityFilter: selected QQQ260729P00658000 | delta=N/A | spread_pct=0.016 | OI=230 | vol=5747
2026-07-29T10:09:26 | INFO     | app.scanning.alpaca_confirmer | AlpacaConfirmer: confirmed QQQ | QQQ260729P00658000 | exp=2026-07-29 | spread=1.57% | OI=230 | vol=5747
2026-07-29T10:09:26 | INFO     | session_runner | AlpacaConfirmer: 3 confirmed symbols: ['IWM', 'AAPL', 'QQQ']
2026-07-29T10:09:26 | INFO     | session_runner | Re-scan updated active symbols: ['IWM', 'AAPL', 'QQQ']
2026-07-29T10:09:26 | INFO     | session_runner | [bridge:IWM] rsi_trend ready: sufficient bars
2026-07-29T10:09:26 | INFO     | session_runner | ORB slot reserved (non_orb_entries=2 >= 2, time=10:09 < 11:30): non-ORB signals will be skipped
2026-07-29T10:09:26 | INFO     | session_runner | Cooldown active — skipping IWM signal
2026-07-29T10:09:26 | INFO     | app.strategies.liquidity_filter | LiquidityFilter: selected IWM260729P00286000 | delta=N/A | spread_pct=0.038 | OI=7578 | vol=14750
2026-07-29T10:09:26 | INFO     | app.trading.trade_journal | Journal rejection 343: IWM — cooldown_after_loss
2026-07-29T10:09:26 | INFO     | session_runner | ORB slot reserved — skipping IWM/vwap_reclaim signal
2026-07-29T10:09:26 | INFO     | app.strategies.liquidity_filter | LiquidityFilter: selected IWM260729P00286000 | delta=N/A | spread_pct=0.038 | OI=7578 | vol=14750
2026-07-29T10:09:57 | INFO     | session_runner | [cycle 62] 10:09:57 ET | positions=0 | entries=1
2026-07-29T10:09:57 | INFO     | session_runner | [bridge:IWM] rsi_trend ready: sufficient bars
2026-07-29T10:09:57 | INFO     | session_runner | ORB slot reserved (non_orb_entries=2 >= 2, time=10:09 < 11:30): non-ORB signals will be skipped
2026-07-29T10:09:57 | INFO     | session_runner | Cooldown active — skipping IWM signal
2026-07-29T10:09:57 | INFO     | app.strategies.liquidity_filter | LiquidityFilter: selected IWM260729P00286000 | delta=N/A | spread_pct=0.038 | OI=7578 | vol=14750
2026-07-29T10:09:57 | INFO     | app.trading.trade_journal | Journal rejection 344: IWM — cooldown_after_loss
2026-07-29T10:09:57 | INFO     | session_runner | ORB slot reserved — skipping IWM/vwap_reclaim signal
2026-07-29T10:09:57 | INFO     | app.strategies.liquidity_filter | LiquidityFilter: selected IWM260729P00286000 | delta=N/A | spread_pct=0.038 | OI=7578 | vol=14750
2026-07-29T10:10:27 | INFO     | session_runner | [cycle 63] 10:10:27 ET | positions=0 | entries=1
2026-07-29T10:10:27 | INFO     | session_runner | [bridge:IWM] rsi_trend ready: sufficient bars
2026-07-29T10:10:27 | INFO     | session_runner | ORB slot reserved (non_orb_entries=2 >= 2, time=10:10 < 11:30): non-ORB signals will be skipped
2026-07-29T10:10:27 | INFO     | session_runner | Cooldown active — skipping IWM signal
2026-07-29T10:10:28 | INFO     | app.strategies.liquidity_filter | LiquidityFilter: selected IWM260729P00286000 | delta=N/A | spread_pct=0.041 | OI=7578 | vol=14868
2026-07-29T10:10:28 | INFO     | app.trading.trade_journal | Journal rejection 345: IWM — cooldown_after_loss
2026-07-29T10:10:28 | INFO     | session_runner | ORB slot reserved — skipping IWM/vwap_reclaim signal
2026-07-29T10:10:28 | INFO     | app.strategies.liquidity_filter | LiquidityFilter: selected IWM260729P00286000 | delta=N/A | spread_pct=0.041 | OI=7578 | vol=14868
2026-07-29T10:10:53 | WARNING  | session_runner | Shutdown signal received (2) — finishing current cycle then exiting
2026-07-29T10:10:58 | INFO     | session_runner | Shutdown: 0 position(s) open, 0 order(s) pending
2026-07-29T10:10:58 | INFO     | session_runner | Health report: {"session_date": "2026-07-29", "generated_at": "2026-07-29T10:10:58.432916-04:00", "api_errors": 0, "reconciliation_warnings": [], "trades": {"total_closed": 1, "wins": 0, "losses": 1, "win_rate": 0.0, "still_open": 0, "rejected": 29, "cancelled": 1}, "realized_pnl": -9.0, "unrealized_pnl": 0, "avg_win": 0.0, "avg_loss": -9.0, "max_drawdown": 0.0, "orders": {"submitted": 2, "filled": 1, "partial_fills": 0, "cancelled": 1, "stale_cancels": 1, "rejected": 29, "status_breakdown": {"filled": 1, "cancelled": 1}}, "by_strategy": {"vwap_reclaim": {"trades": 1, "wins": 0, "losses": 1, "pnl": -9.0, "win_rate": 0.0}}}
2026-07-29T10:10:58 | INFO     | session_runner | Health report written to logs/session_2026-07-29.json
2026-07-29T10:10:58 | WARNING  | app.evaluation.orb_forward_performance | ORB forward perf: yfinance fetch for IWM failed — Too Many Requests. Rate limited. Try after a while.
2026-07-29T10:10:58 | INFO     | app.evaluation.orb_forward_performance | ORB forward performance: updated 0/29 rows for 2026-07-29
2026-07-29T10:10:58 | INFO     | app.evaluation.post_session | Post-session: ORB forward performance: 0 rows updated
2026-07-29T10:10:58 | INFO     | app.evaluation.post_session | Post-session: evaluation report saved → evaluation/reports/2026-07-29.json
2026-07-29T10:10:58 | INFO     | app.evaluation.post_session | Post-session: using separate scaled-sizing ledger evaluation/ledger.paper_scaled_250_cap_10.json
2026-07-29T10:10:58 | INFO     | app.evaluation.ledger | Evaluation ledger saved to evaluation/ledger.paper_scaled_250_cap_10.json (1 session(s))
2026-07-29T10:10:58 | INFO     | app.evaluation.post_session | Post-session complete | date=2026-07-29 | cancelled=0 | report=evaluation/reports/2026-07-29.json | ledger=True
2026-07-29T10:10:58 | INFO     | session_runner | Post-session evaluation | report=evaluation/reports/2026-07-29.json | ledger_updated=True | errors=none
2026-07-29T10:10:58 | INFO     | session_runner | Session complete | cycles=63 | entry_orders_placed=2 | pnl=-9.00

  Session complete — 63 cycles | 2 entry order(s) | P&L $-9.00

